../drivers/fsl_slcd.h:376:20:SLCD_StartDisplay	16	static
../drivers/fsl_slcd.h:387:20:SLCD_StopDisplay	16	static
../drivers/fsl_slcd.h:406:20:SLCD_StopBlinkMode	16	static
../drivers/fsl_slcd.h:426:20:SLCD_SetBackPlanePhase	24	static
../drivers/fsl_slcd.h:448:20:SLCD_SetFrontPlaneSegments	24	static
../drivers/lcd.c:11:6:LCD_Init	56	static
../drivers/lcd.c:38:6:LCD_DisplayAll	8	static
../drivers/lcd.c:59:6:LCD_SetNum	40	static
../drivers/lcd.c:141:6:LCD_DisplayDemical	40	static
../drivers/lcd.c:167:6:LCD_DisplayError	8	static
../drivers/lcd.c:185:6:LCD_DisplayTime	40	static
../drivers/lcd.c:211:6:LCD_StopDisplay	8	static
../drivers/lcd.c:215:6:LCD_StartBlinkMode	8	static
../drivers/lcd.c:219:6:LCD_StopBlinkMode	8	static
../drivers/lcd.c:223:6:LCD_StartDisplay	8	static
../drivers/lcd.c:227:6:delay	16	static
