/home/ngotantrung/Documents/MCUXpresso_24.9.25/workspace/spotify_hello_world/CMSIS/core_cm0plus.h:733:22:__NVIC_EnableIRQ	16	static
../source/hello_world.c:44:5:main	8	static
../source/hello_world.c:74:6:UART0_IRQHandler	16	static
../source/hello_world.c:106:6:PORTC_PORTD_IRQHandler	8	static
../source/hello_world.c:133:6:GPIO_Init	8	static
../source/hello_world.c:145:6:Enable_Interrupts	8	static
../source/hello_world.c:151:6:init_UART0_with_interrupt	16	static
../source/hello_world.c:169:6:UART_SendByte	16	static
../source/hello_world.c:174:6:UART_SendString	16	static
../source/hello_world.c:182:6:PIT_Init_NEW	16	static
../source/hello_world.c:201:6:PIT_IRQHandler	8	static
../source/hello_world.c:234:6:processButtonLogic	8	static
