Archive member included to satisfy reference by file (symbol)

/usr/local/mcuxpressoide-24.9.25/ide/plugins/com.nxp.mcuxpresso.tools.linux_24.9.0.202407110857/tools/bin/../lib/gcc/arm-none-eabi/13.2.1/../../../../arm-none-eabi/lib/thumb/v6-m/nofp/libcr_nohost_nf.a(_cr__main.o)
                              ./startup/startup_mkl46z4.o (__main)
/usr/local/mcuxpressoide-24.9.25/ide/plugins/com.nxp.mcuxpresso.tools.linux_24.9.0.202407110857/tools/bin/../lib/gcc/arm-none-eabi/13.2.1/../../../../arm-none-eabi/lib/thumb/v6-m/nofp/libcr_nohost_nf.a(_cr_assert.o)
                              ./utilities/fsl_debug_console.o (__assertion_failed)
/usr/local/mcuxpressoide-24.9.25/ide/plugins/com.nxp.mcuxpresso.tools.linux_24.9.0.202407110857/tools/bin/../lib/gcc/arm-none-eabi/13.2.1/../../../../arm-none-eabi/lib/thumb/v6-m/nofp/libcr_nohost_nf.a(__ciob.o)
                              /usr/local/mcuxpressoide-24.9.25/ide/plugins/com.nxp.mcuxpresso.tools.linux_24.9.0.202407110857/tools/bin/../lib/gcc/arm-none-eabi/13.2.1/../../../../arm-none-eabi/lib/thumb/v6-m/nofp/libcr_nohost_nf.a(_cr_assert.o) (__Ciob)
/usr/local/mcuxpressoide-24.9.25/ide/plugins/com.nxp.mcuxpresso.tools.linux_24.9.0.202407110857/tools/bin/../lib/gcc/arm-none-eabi/13.2.1/../../../../arm-none-eabi/lib/thumb/v6-m/nofp/libcr_nohost_nf.a(__sys_appexit.o)
                              /usr/local/mcuxpressoide-24.9.25/ide/plugins/com.nxp.mcuxpresso.tools.linux_24.9.0.202407110857/tools/bin/../lib/gcc/arm-none-eabi/13.2.1/../../../../arm-none-eabi/lib/thumb/v6-m/nofp/libcr_nohost_nf.a(_cr_assert.o) (__sys_appexit)
/usr/local/mcuxpressoide-24.9.25/ide/plugins/com.nxp.mcuxpresso.tools.linux_24.9.0.202407110857/tools/bin/../lib/gcc/arm-none-eabi/13.2.1/../../../../arm-none-eabi/lib/thumb/v6-m/nofp/libcr_c.a(memcpy.o)
                              ./drivers/fsl_ftfx_cache.o (memcpy)
/usr/local/mcuxpressoide-24.9.25/ide/plugins/com.nxp.mcuxpresso.tools.linux_24.9.0.202407110857/tools/bin/../lib/gcc/arm-none-eabi/13.2.1/../../../../arm-none-eabi/lib/thumb/v6-m/nofp/libcr_c.a(memset.o)
                              ./utilities/fsl_debug_console.o (memset)
/usr/local/mcuxpressoide-24.9.25/ide/plugins/com.nxp.mcuxpresso.tools.linux_24.9.0.202407110857/tools/bin/../lib/gcc/arm-none-eabi/13.2.1/../../../../arm-none-eabi/lib/thumb/v6-m/nofp/libcr_c.a(_deferredlazyseek.o)
                              /usr/local/mcuxpressoide-24.9.25/ide/plugins/com.nxp.mcuxpresso.tools.linux_24.9.0.202407110857/tools/bin/../lib/gcc/arm-none-eabi/13.2.1/../../../../arm-none-eabi/lib/thumb/v6-m/nofp/libcr_nohost_nf.a(_cr_assert.o) (__flsbuf)
/usr/local/mcuxpressoide-24.9.25/ide/plugins/com.nxp.mcuxpresso.tools.linux_24.9.0.202407110857/tools/bin/../lib/gcc/arm-none-eabi/13.2.1/../../../../arm-none-eabi/lib/thumb/v6-m/nofp/libcr_c.a(_fflush.o)
                              /usr/local/mcuxpressoide-24.9.25/ide/plugins/com.nxp.mcuxpresso.tools.linux_24.9.0.202407110857/tools/bin/../lib/gcc/arm-none-eabi/13.2.1/../../../../arm-none-eabi/lib/thumb/v6-m/nofp/libcr_c.a(_deferredlazyseek.o) (_fflush)
/usr/local/mcuxpressoide-24.9.25/ide/plugins/com.nxp.mcuxpresso.tools.linux_24.9.0.202407110857/tools/bin/../lib/gcc/arm-none-eabi/13.2.1/../../../../arm-none-eabi/lib/thumb/v6-m/nofp/libcr_c.a(_writebuf.o)
                              /usr/local/mcuxpressoide-24.9.25/ide/plugins/com.nxp.mcuxpresso.tools.linux_24.9.0.202407110857/tools/bin/../lib/gcc/arm-none-eabi/13.2.1/../../../../arm-none-eabi/lib/thumb/v6-m/nofp/libcr_c.a(_deferredlazyseek.o) (_Cwritebuf)
/usr/local/mcuxpressoide-24.9.25/ide/plugins/com.nxp.mcuxpresso.tools.linux_24.9.0.202407110857/tools/bin/../lib/gcc/arm-none-eabi/13.2.1/../../../../arm-none-eabi/lib/thumb/v6-m/nofp/libcr_c.a(alloc.o)
                              ./drivers/fsl_common.o (malloc)
/usr/local/mcuxpressoide-24.9.25/ide/plugins/com.nxp.mcuxpresso.tools.linux_24.9.0.202407110857/tools/bin/../lib/gcc/arm-none-eabi/13.2.1/../../../../arm-none-eabi/lib/thumb/v6-m/nofp/libcr_c.a(fputs.o)
                              /usr/local/mcuxpressoide-24.9.25/ide/plugins/com.nxp.mcuxpresso.tools.linux_24.9.0.202407110857/tools/bin/../lib/gcc/arm-none-eabi/13.2.1/../../../../arm-none-eabi/lib/thumb/v6-m/nofp/libcr_nohost_nf.a(_cr_assert.o) (fputs)
/usr/local/mcuxpressoide-24.9.25/ide/plugins/com.nxp.mcuxpresso.tools.linux_24.9.0.202407110857/tools/bin/../lib/gcc/arm-none-eabi/13.2.1/../../../../arm-none-eabi/lib/thumb/v6-m/nofp/libcr_c.a(fseek.o)
                              /usr/local/mcuxpressoide-24.9.25/ide/plugins/com.nxp.mcuxpresso.tools.linux_24.9.0.202407110857/tools/bin/../lib/gcc/arm-none-eabi/13.2.1/../../../../arm-none-eabi/lib/thumb/v6-m/nofp/libcr_c.a(_deferredlazyseek.o) (fseek)
/usr/local/mcuxpressoide-24.9.25/ide/plugins/com.nxp.mcuxpresso.tools.linux_24.9.0.202407110857/tools/bin/../lib/gcc/arm-none-eabi/13.2.1/../../../../arm-none-eabi/lib/thumb/v6-m/nofp/libcr_c.a(ftell.o)
[...]
Memory Configuration

Name             Origin             Length             Attributes
PROGRAM_FLASH    0x00000000         0x00040000         xr
SRAM             0x1fffe000         0x00008000         xrw
*default*        0x00000000         0xffffffff

Linker script and memory map

LOAD ./utilities/fsl_assert.o
LOAD ./utilities/fsl_debug_console.o
LOAD ./utilities/fsl_io.o
LOAD ./utilities/fsl_log.o
LOAD ./utilities/fsl_str.o
LOAD ./startup/startup_mkl46z4.o
LOAD ./source/i2c_interrupt.o
LOAD ./source/mtb.o
LOAD ./source/semihost_hardfault.o
LOAD ./drivers/fsl_adc16.o
LOAD ./drivers/fsl_clock.o
LOAD ./drivers/fsl_common.o
LOAD ./drivers/fsl_ftfx_cache.o
LOAD ./drivers/fsl_ftfx_controller.o
LOAD ./drivers/fsl_ftfx_flash.o
LOAD ./drivers/fsl_ftfx_flexnvm.o
LOAD ./drivers/fsl_gpio.o
LOAD ./drivers/fsl_i2c.o
LOAD ./drivers/fsl_lpsci.o
LOAD ./drivers/fsl_slcd.o
LOAD ./drivers/fsl_smc.o
LOAD ./drivers/fsl_uart.o
LOAD ./drivers/lcd.o
LOAD ./board/src/board.o
LOAD ./board/src/clock_config.o
LOAD ./board/pin_mux.o
LOAD ./CMSIS/system_MKL46Z4.o
START GROUP
LOAD /usr/local/mcuxpressoide-24.9.25/ide/plugins/com.nxp.mcuxpresso.tools.linux_24.9.0.202407110857/tools/bin/../lib/gcc/arm-none-eabi/13.2.1/../../../../arm-none-eabi/lib/thumb/v6-m/nofp/libcr_nohost_nf.a
LOAD /usr/local/mcuxpressoide-24.9.25/ide/plugins/com.nxp.mcuxpresso.tools.linux_24.9.0.202407110857/tools/bin/../lib/gcc/arm-none-eabi/13.2.1/../../../../arm-none-eabi/lib/thumb/v6-m/nofp/libcr_c.a
LOAD /usr/local/mcuxpressoide-24.9.25/ide/plugins/com.nxp.mcuxpresso.tools.linux_24.9.0.202407110857/tools/bin/../lib/gcc/arm-none-eabi/13.2.1/thumb/v6-m/nofp/libcr_eabihelpers.a
LOAD /usr/local/mcuxpressoide-24.9.25/ide/plugins/com.nxp.mcuxpresso.tools.linux_24.9.0.202407110857/tools/bin/../lib/gcc/arm-none-eabi/13.2.1/thumb/v6-m/nofp/libgcc.a
END GROUP
                0x00000000                        __base_PROGRAM_FLASH = 0x0
                0x00000000                        __base_Flash = 0x0
                0x00040000                        __top_PROGRAM_FLASH = 0x40000
                0x00040000                        __top_Flash = 0x40000
                0x1fffe000                        __base_SRAM = 0x1fffe000
                0x1fffe000                        __base_RAM = 0x1fffe000
                0x20006000                        __top_SRAM = 0x20006000
                0x20006000                        __top_RAM = 0x20006000

.text           0x00000000     0x4140
 FILL mask 0xff
                0x00000000                        __vectors_start__ = ABSOLUTE (.)
 *(SORT_BY_ALIGNMENT(.isr_vector))
 .isr_vector    0x00000000       0xc0 ./startup/startup_mkl46z4.o
                0x00000000                __Vectors
                0x00000000                g_pfnVectors
                0x000000c0                        . = ALIGN (0x4)
                0x000000c0                        __section_table_start = .
                0x000000c0                        __data_section_table = .
                0x000000c0        0x4 LONG 0x4140 LOADADDR (.data)
                0x000000c4        0x4 LONG 0x1fffe080 ADDR (.data)
                0x000000c8        0x4 LONG 0xc SIZEOF (.data)
                0x000000cc                        __data_section_table_end = .
                0x000000cc                        __bss_section_table = .
                0x000000cc        0x4 LONG 0x1fffe08c ADDR (.bss)
                0x000000d0        0x4 LONG 0x138 SIZEOF (.bss)
                0x000000d4                        __bss_section_table_end = .
                0x000000d4                        __section_table_end = .
 *(SORT_BY_ALIGNMENT(.after_vectors*))
 .after_vectors.reset
                0x000000d4       0x4c ./startup/startup_mkl46z4.o
                0x000000d4                ResetISR
 .after_vectors.init_data
                0x00000120       0x12 ./startup/startup_mkl46z4.o
                0x00000120                data_init
 .after_vectors.init_bss
                0x00000132       0x10 ./startup/startup_mkl46z4.o
                0x00000132                bss_init
 .after_vectors
                0x00000142      0x10c ./startup/startup_mkl46z4.o
                0x00000142                NMI_Handler
                0x00000146                SVC_Handler
                0x00000148                PendSV_Handler
                0x0000014a                SysTick_Handler
                0x0000014c                PIT_DriverIRQHandler
                0x0000014c                DMA0_DriverIRQHandler
                0x0000014c                SPI1_DriverIRQHandler
                0x0000014c                LPTMR0_DriverIRQHandler
                0x0000014c                PORTC_PORTD_DriverIRQHandler
                0x0000014c                I2S0_DriverIRQHandler
                0x0000014c                TPM2_DriverIRQHandler
                0x0000014c                TSI0_DriverIRQHandler
                0x0000014c                RTC_Seconds_DriverIRQHandler
                0x0000014c                LLWU_DriverIRQHandler
                0x0000014c                MCG_DriverIRQHandler
                0x0000014c                FTFA_DriverIRQHandler
                0x0000014c                IntDefaultHandler
                0x0000014c                USB0_DriverIRQHandler
                0x0000014c                DAC0_DriverIRQHandler
                0x0000014c                LVD_LVW_DriverIRQHandler
                0x0000014c                TPM0_DriverIRQHandler
                0x0000014c                Reserved20_DriverIRQHandler
                0x0000014c                DMA3_DriverIRQHandler
                0x0000014c                PORTA_DriverIRQHandler
                0x0000014c                TPM1_DriverIRQHandler
                0x0000014c                RTC_DriverIRQHandler
                0x0000014c                LCD_DriverIRQHandler
                0x0000014c                DMA1_DriverIRQHandler
                0x0000014c                SPI0_DriverIRQHandler
                0x0000014c                ADC0_DriverIRQHandler
                0x0000014c                CMP0_DriverIRQHandler
                0x0000014c                DMA2_DriverIRQHandler
                0x0000014e                DMA0_IRQHandler
                0x00000156                DMA1_IRQHandler
                0x0000015e                DMA2_IRQHandler
                0x00000166                DMA3_IRQHandler
                0x0000016e                Reserved20_IRQHandler
                0x00000176                FTFA_IRQHandler
                0x0000017e                LVD_LVW_IRQHandler
                0x00000186                LLWU_IRQHandler
                0x0000018e                I2C0_IRQHandler
                0x00000196                I2C1_IRQHandler
                0x0000019e                SPI0_IRQHandler
                0x000001a6                SPI1_IRQHandler
                0x000001b6                UART1_IRQHandler
                0x000001be                UART2_IRQHandler
                0x000001c6                ADC0_IRQHandler
                0x000001ce                CMP0_IRQHandler
                0x000001d6                TPM0_IRQHandler
                0x000001de                TPM1_IRQHandler
                0x000001e6                TPM2_IRQHandler
                0x000001ee                RTC_IRQHandler
                0x000001f6                RTC_Seconds_IRQHandler
                0x00000206                I2S0_IRQHandler
                0x0000020e                USB0_IRQHandler
                0x00000216                DAC0_IRQHandler
                0x0000021e                TSI0_IRQHandler
                0x00000226                MCG_IRQHandler
                0x0000022e                LPTMR0_IRQHandler
                0x00000236                LCD_IRQHandler
                0x0000023e                PORTA_IRQHandler
                0x00000400                        . = 0x400
 *fill*         0x0000024e      0x1b2 ff
                0x00000400                        PROVIDE (__FLASH_CONFIG_START__ = .)
 *(SORT_BY_ALIGNMENT(.FlashConfig))
 .FlashConfig   0x00000400       0x10 ./startup/startup_mkl46z4.o
                0x00000400                Flash_Config
                0x00000410                        PROVIDE (__FLASH_CONFIG_END__ = .)
                0x00000001                        ASSERT (! ((__FLASH_CONFIG_START__ == __FLASH_CONFIG_END__)), Linker Flash Config Support Enabled, but no .FlashConfig section provided within application)
 *(SORT_BY_ALIGNMENT(.text*))
 .text.__NVIC_EnableIRQ
                0x00000410       0x34 ./source/i2c_interrupt.o
 .text.PORT_SetPinMux
                0x00000444       0x40 ./source/i2c_interrupt.o
 .text.ADC16_GetChannelConversionValue
                0x00000484       0x30 ./source/i2c_interrupt.o
 .text.main     0x000004b4       0x48 ./source/i2c_interrupt.o
                0x000004b4                main
 .text.UART0_IRQHandler
                0x000004fc      0x1d0 ./source/i2c_interrupt.o
                0x000004fc                UART0_IRQHandler
 .text.PORTC_PORTD_IRQHandler
                0x000006cc       0xb0 ./source/i2c_interrupt.o
                0x000006cc                PORTC_PORTD_IRQHandler
 .text.GPIO_Init
                0x0000077c       0x4c ./source/i2c_interrupt.o
                0x0000077c                GPIO_Init
 .text.init_UART0_with_interrupt
                0x000007c8       0xb4 ./source/i2c_interrupt.o
                0x000007c8                init_UART0_with_interrupt
 .text.PIT_Init_NEW
                0x0000087c       0x64 ./source/i2c_interrupt.o
                0x0000087c                PIT_Init_NEW
 .text.PIT_IRQHandler
                0x000008e0      0x144 ./source/i2c_interrupt.o
                0x000008e0                PIT_IRQHandler
 .text.processButtonLogic
                0x00000a24      0x160 ./source/i2c_interrupt.o
                0x00000a24                processButtonLogic
 .text.Send_ADC_Value
                0x00000b84       0x38 ./source/i2c_interrupt.o
                0x00000b84                Send_ADC_Value
 .text.handleADC
                0x00000bbc       0xb0 ./source/i2c_interrupt.o
                0x00000bbc                handleADC
 .text.initADC  0x00000c6c       0x64 ./source/i2c_interrupt.o
                0x00000c6c                initADC
 .text.PIT_Reload
                0x00000cd0       0x60 ./source/i2c_interrupt.o
                0x00000cd0                PIT_Reload
 .text.HardFault_Handler
                0x00000d30       0x38 ./source/semihost_hardfault.o
                0x00000d30                HardFault_Handler
 .text.CLOCK_EnableClock
                0x00000d68       0x34 ./drivers/fsl_adc16.o
 .text.ADC16_GetInstance
                0x00000d9c       0x48 ./drivers/fsl_adc16.o
 .text.ADC16_Init
                0x00000de4      0x114 ./drivers/fsl_adc16.o
                0x00000de4                ADC16_Init
 .text.ADC16_GetDefaultConfig
                0x00000ef8       0x58 ./drivers/fsl_adc16.o
                0x00000ef8                ADC16_GetDefaultConfig
 .text.ADC16_SetChannelConfig
                0x00000f50       0x6c ./drivers/fsl_adc16.o
                0x00000f50                ADC16_SetChannelConfig
 .text.ADC16_GetChannelStatusFlags
                0x00000fbc       0x40 ./drivers/fsl_adc16.o
                0x00000fbc                ADC16_GetChannelStatusFlags
 .text.CLOCK_SetEr32kClock
                0x00000ffc       0x34 ./drivers/fsl_clock.o
 .text.CLOCK_SetPllFllSelClock
                0x00001030       0x38 ./drivers/fsl_clock.o
 .text.CLOCK_GetMcgExtClkFreq
                0x00001068       0x28 ./drivers/fsl_clock.o
 .text.CLOCK_GetFllExtRefClkFreq
                0x00001090       0xa8 ./drivers/fsl_clock.o
 .text.CLOCK_GetInternalRefClkSelectFreq
                0x00001138       0x40 ./drivers/fsl_clock.o
 .text.CLOCK_GetFllRefClkFreq
                0x00001178       0x2c ./drivers/fsl_clock.o
 .text.CLOCK_GetOscRangeFromFreq
                0x000011a4       0x4c ./drivers/fsl_clock.o
 .text.CLOCK_GetOsc0ErClkFreq
                0x000011f0       0x3c ./drivers/fsl_clock.o
                0x000011f0                CLOCK_GetOsc0ErClkFreq
 .text.CLOCK_GetEr32kClkFreq
                0x0000122c       0x78 ./drivers/fsl_clock.o
                0x0000122c                CLOCK_GetEr32kClkFreq
 .text.CLOCK_GetPllFllSelClkFreq
                0x000012a4       0x4c ./drivers/fsl_clock.o
                0x000012a4                CLOCK_GetPllFllSelClkFreq
 .text.CLOCK_GetFreq
                0x000012f0       0xe0 ./drivers/fsl_clock.o
                0x000012f0                CLOCK_GetFreq
 .text.CLOCK_SetSimConfig
                0x000013d0       0x38 ./drivers/fsl_clock.o
                0x000013d0                CLOCK_SetSimConfig
 .text.CLOCK_GetOutClkFreq
                0x00001408       0x78 ./drivers/fsl_clock.o
                0x00001408                CLOCK_GetOutClkFreq
 .text.CLOCK_GetFllFreq
                0x00001480       0x84 ./drivers/fsl_clock.o
                0x00001480                CLOCK_GetFllFreq
 .text.CLOCK_GetInternalRefClkFreq
                0x00001504       0x28 ./drivers/fsl_clock.o
                0x00001504                CLOCK_GetInternalRefClkFreq
 .text.CLOCK_GetPll0Freq
                0x0000152c       0x70 ./drivers/fsl_clock.o
                0x0000152c                CLOCK_GetPll0Freq
 .text.CLOCK_SetInternalRefClkConfig
                0x0000159c      0x124 ./drivers/fsl_clock.o
                0x0000159c                CLOCK_SetInternalRefClkConfig
 .text.CLOCK_EnablePll0
                0x000016c0       0x94 ./drivers/fsl_clock.o
                0x000016c0                CLOCK_EnablePll0
 .text.CLOCK_InitOsc0
                0x00001754       0x94 ./drivers/fsl_clock.o
                0x00001754                CLOCK_InitOsc0
 .text.CLOCK_SetPbeMode
                0x000017e8       0xb0 ./drivers/fsl_clock.o
                0x000017e8                CLOCK_SetPbeMode
 .text.CLOCK_BootToPeeMode
                0x00001898       0x70 ./drivers/fsl_clock.o
                0x00001898                CLOCK_BootToPeeMode
 .text.I2C_TransferCommonIRQHandler
                0x00001908       0x58 ./drivers/fsl_i2c.o
 .text.I2C0_DriverIRQHandler
                0x00001960       0x20 ./drivers/fsl_i2c.o
                0x00001960                I2C0_DriverIRQHandler
 .text.I2C1_DriverIRQHandler
                0x00001980       0x20 ./drivers/fsl_i2c.o
                0x00001980                I2C1_DriverIRQHandler
 .text.UART0_DriverIRQHandler
                0x000019a0       0x24 ./drivers/fsl_lpsci.o
                0x000019a0                UART0_DriverIRQHandler
 .text.__NVIC_EnableIRQ
                0x000019c4       0x34 ./drivers/fsl_slcd.o
 .text.CLOCK_EnableClock
                0x000019f8       0x34 ./drivers/fsl_slcd.o
 .text.SLCD_GetInstance
                0x00001a2c       0x48 ./drivers/fsl_slcd.o
 .text.SLCD_Init
                0x00001a74      0x228 ./drivers/fsl_slcd.o
                0x00001a74                SLCD_Init
 .text.SLCD_GetDefaultConfig
                0x00001c9c       0x40 ./drivers/fsl_slcd.o
                0x00001c9c                SLCD_GetDefaultConfig
 .text.UART1_DriverIRQHandler
                0x00001cdc       0x24 ./drivers/fsl_uart.o
                0x00001cdc                UART1_DriverIRQHandler
 .text.UART2_DriverIRQHandler
                0x00001d00       0x24 ./drivers/fsl_uart.o
                0x00001d00                UART2_DriverIRQHandler
 .text.LCD_Init
                0x00001d24       0x7c ./drivers/lcd.o
                0x00001d24                LCD_Init
 .text.LCD_SetNum
                0x00001da0      0x190 ./drivers/lcd.o
                0x00001da0                LCD_SetNum
 .text.LCD_DisplayError
                0x00001f30       0xa8 ./drivers/lcd.o
                0x00001f30                LCD_DisplayError
 .text.LCD_DisplayTime
                0x00001fd8       0xf8 ./drivers/lcd.o
                0x00001fd8                LCD_DisplayTime
 .text.CLOCK_SetSimSafeDivs
                0x000020d0       0x20 ./board/src/clock_config.o
 .text.CLOCK_SetXtal0Freq
                0x000020f0       0x1c ./board/src/clock_config.o
 .text.CLOCK_CONFIG_SetFllExtRefDiv
                0x0000210c       0x3c ./board/src/clock_config.o
 .text.BOARD_BootClockRUN
                0x00002148       0x64 ./board/src/clock_config.o
                0x00002148                BOARD_BootClockRUN
 .text.CLOCK_EnableClock
                0x000021ac       0x34 ./board/pin_mux.o
 .text.PORT_SetPinConfig
                0x000021e0       0x38 ./board/pin_mux.o
 .text.PORT_SetPinMux
                0x00002218       0x40 ./board/pin_mux.o
 .text.BOARD_InitPins
                0x00002258      0x14c ./board/pin_mux.o
                0x00002258                BOARD_InitPins
 .text.SystemInit
                0x000023a4       0x1c ./CMSIS/system_MKL46Z4.o
                0x000023a4                SystemInit
 .text.__assertion_failed
                0x000023c0       0x50 /usr/local/mcuxpressoide-24.9.25/ide/plugins/com.nxp.mcuxpresso.tools.linux_24.9.0.202407110857/tools/bin/../lib/gcc/arm-none-eabi/13.2.1/../../../../arm-none-eabi/lib/thumb/v6-m/nofp/libcr_nohost_nf.a(_cr_assert.o)
                0x000023c0                __assertion_failed
 .text._deferredlazyseek
                0x00002410       0x40 /usr/local/mcuxpressoide-24.9.25/ide/plugins/com.nxp.mcuxpresso.tools.linux_24.9.0.202407110857/tools/bin/../lib/gcc/arm-none-eabi/13.2.1/../../../../arm-none-eabi/lib/thumb/v6-m/nofp/libcr_c.a(_deferredlazyseek.o)
                0x00002410                _deferredlazyseek
 .text.__flsbuf
                0x00002450      0x12c /usr/local/mcuxpressoide-24.9.25/ide/plugins/com.nxp.mcuxpresso.tools.linux_24.9.0.202407110857/tools/bin/../lib/gcc/arm-none-eabi/13.2.1/../../../../arm-none-eabi/lib/thumb/v6-m/nofp/libcr_c.a(_deferredlazyseek.o)
                0x00002450                __flsbuf
 .text._fflush  0x0000257c       0x5c /usr/local/mcuxpressoide-24.9.25/ide/plugins/com.nxp.mcuxpresso.tools.linux_24.9.0.202407110857/tools/bin/../lib/gcc/arm-none-eabi/13.2.1/../../../../arm-none-eabi/lib/thumb/v6-m/nofp/libcr_c.a(_fflush.o)
                0x0000257c                _fflush
 .text._Cwritebuf
                0x000025d8       0x68 /usr/local/mcuxpressoide-24.9.25/ide/plugins/com.nxp.mcuxpresso.tools.linux_24.9.0.202407110857/tools/bin/../lib/gcc/arm-none-eabi/13.2.1/../../../../arm-none-eabi/lib/thumb/v6-m/nofp/libcr_c.a(_writebuf.o)
                0x000025d8                _Cwritebuf
 .text.malloc   0x00002640       0xd4 /usr/local/mcuxpressoide-24.9.25/ide/plugins/com.nxp.mcuxpresso.tools.linux_24.9.0.202407110857/tools/bin/../lib/gcc/arm-none-eabi/13.2.1/../../../../arm-none-eabi/lib/thumb/v6-m/nofp/libcr_c.a(alloc.o)
                0x00002640                malloc
 .text._Csys_alloc
                0x00002714       0x20 /usr/local/mcuxpressoide-24.9.25/ide/plugins/com.nxp.mcuxpresso.tools.linux_24.9.0.202407110857/tools/bin/../lib/gcc/arm-none-eabi/13.2.1/../../../../arm-none-eabi/lib/thumb/v6-m/nofp/libcr_c.a(alloc.o)
                0x00002714                _Csys_alloc
 .text.fseek    0x00002734       0xec /usr/local/mcuxpressoide-24.9.25/ide/plugins/com.nxp.mcuxpresso.tools.linux_24.9.0.202407110857/tools/bin/../lib/gcc/arm-none-eabi/13.2.1/../../../../arm-none-eabi/lib/thumb/v6-m/nofp/libcr_c.a(fseek.o)
                0x00002734                fseek
 .text.ftell    0x00002820       0x4c /usr/local/mcuxpressoide-24.9.25/ide/plugins/com.nxp.mcuxpresso.tools.linux_24.9.0.202407110857/tools/bin/../lib/gcc/arm-none-eabi/13.2.1/../../../../arm-none-eabi/lib/thumb/v6-m/nofp/libcr_c.a(ftell.o)
                0x00002820                ftell
 .text._initio  0x0000286c       0x7c /usr/local/mcuxpressoide-24.9.25/ide/plugins/com.nxp.mcuxpresso.tools.linux_24.9.0.202407110857/tools/bin/../lib/gcc/arm-none-eabi/13.2.1/../../../../arm-none-eabi/lib/thumb/v6-m/nofp/libcr_c.a(initio.o)
                0x0000286c                _initio
 .text.__vfprintf
                0x000028e8      0xd3c /usr/local/mcuxpressoide-24.9.25/ide/plugins/com.nxp.mcuxpresso.tools.linux_24.9.0.202407110857/tools/bin/../lib/gcc/arm-none-eabi/13.2.1/../../../../arm-none-eabi/lib/thumb/v6-m/nofp/libcr_c.a(printf.o)
                0x000028e8                __vfprintf
 .text._sprintf
                0x00003624       0x68 /usr/local/mcuxpressoide-24.9.25/ide/plugins/com.nxp.mcuxpresso.tools.linux_24.9.0.202407110857/tools/bin/../lib/gcc/arm-none-eabi/13.2.1/../../../../arm-none-eabi/lib/thumb/v6-m/nofp/libcr_c.a(printf.o)
                0x00003624                _sprintf
 .text.setvbuf  0x0000368c       0x4c /usr/local/mcuxpressoide-24.9.25/ide/plugins/com.nxp.mcuxpresso.tools.linux_24.9.0.202407110857/tools/bin/../lib/gcc/arm-none-eabi/13.2.1/../../../../arm-none-eabi/lib/thumb/v6-m/nofp/libcr_c.a(setvbuf.o)
                0x0000368c                setvbuf
 .text.strlen   0x000036d8       0x5c /usr/local/mcuxpressoide-24.9.25/ide/plugins/com.nxp.mcuxpresso.tools.linux_24.9.0.202407110857/tools/bin/../lib/gcc/arm-none-eabi/13.2.1/../../../../arm-none-eabi/lib/thumb/v6-m/nofp/libcr_c.a(strlen.o)
                0x000036d8                strlen
 .text._sbrk    0x00003734       0x44 /usr/local/mcuxpressoide-24.9.25/ide/plugins/com.nxp.mcuxpresso.tools.linux_24.9.0.202407110857/tools/bin/../lib/gcc/arm-none-eabi/13.2.1/../../../../arm-none-eabi/lib/thumb/v6-m/nofp/libcr_c.a(_cr_sbrk.o)
                0x00003734                _sbrk
 .text._fdopen  0x00003778       0x74 /usr/local/mcuxpressoide-24.9.25/ide/plugins/com.nxp.mcuxpresso.tools.linux_24.9.0.202407110857/tools/bin/../lib/gcc/arm-none-eabi/13.2.1/../../../../arm-none-eabi/lib/thumb/v6-m/nofp/libcr_c.a(_fdopen.o)
                0x00003778                _fdopen
 .text.fclose   0x000037ec       0x5c /usr/local/mcuxpressoide-24.9.25/ide/plugins/com.nxp.mcuxpresso.tools.linux_24.9.0.202407110857/tools/bin/../lib/gcc/arm-none-eabi/13.2.1/../../../../arm-none-eabi/lib/thumb/v6-m/nofp/libcr_c.a(fclose.o)
                0x000037ec                fclose
 .text.fflush   0x00003848       0x40 /usr/local/mcuxpressoide-24.9.25/ide/plugins/com.nxp.mcuxpresso.tools.linux_24.9.0.202407110857/tools/bin/../lib/gcc/arm-none-eabi/13.2.1/../../../../arm-none-eabi/lib/thumb/v6-m/nofp/libcr_c.a(fflush.o)
                0x00003848                fflush
 .text.__check_heap_overflow
                0x00003888       0x18 /usr/local/mcuxpressoide-24.9.25/ide/plugins/com.nxp.mcuxpresso.tools.linux_24.9.0.202407110857/tools/bin/../lib/gcc/arm-none-eabi/13.2.1/../../../../arm-none-eabi/lib/thumb/v6-m/nofp/libcr_c.a(_cr_check_heap.o)
                0x00003888                __check_heap_overflow
 .text._do_fflush
                0x000038a0       0x48 /usr/local/mcuxpressoide-24.9.25/ide/plugins/com.nxp.mcuxpresso.tools.linux_24.9.0.202407110857/tools/bin/../lib/gcc/arm-none-eabi/13.2.1/../../../../arm-none-eabi/lib/thumb/v6-m/nofp/libcr_c.a(_do_fflush.o)
                0x000038a0                _do_fflush
 .text.ADC16_EnableHardwareTrigger
                0x000038e8       0x3a ./source/i2c_interrupt.o
 .text.Enable_Interrupts
                0x00003922       0x1a ./source/i2c_interrupt.o
                0x00003922                Enable_Interrupts
 .text.UART_SendByte
                0x0000393c       0x2c ./source/i2c_interrupt.o
                0x0000393c                UART_SendByte
 .text.UART_SendString
                0x00003968       0x42 ./source/i2c_interrupt.o
                0x00003968                UART_SendString
 .text.OSC_SetExtRefClkConfig
                0x000039aa       0x3e ./drivers/fsl_clock.o
 .text.OSC_SetCapLoad
                0x000039e8       0x42 ./drivers/fsl_clock.o
 .text.CLOCK_GetPll0RefFreq
                0x00003a2a       0x10 ./drivers/fsl_clock.o
 .text.CLOCK_GetFixedFreqClkFreq
                0x00003a3a       0x30 ./drivers/fsl_clock.o
                0x00003a3a                CLOCK_GetFixedFreqClkFreq
 .text.CLOCK_SetExternalRefClkConfig
                0x00003a6a       0x16 ./drivers/fsl_clock.o
                0x00003a6a                CLOCK_SetExternalRefClkConfig
 .text.EnableIRQ
                0x00003a80       0x30 ./drivers/fsl_slcd.o
 .text.SLCD_StartDisplay
                0x00003ab0       0x1c ./drivers/lcd.o
 .text.SLCD_SetBackPlanePhase
                0x00003acc       0x26 ./drivers/lcd.o
 .text.SLCD_SetFrontPlaneSegments
                0x00003af2       0x26 ./drivers/lcd.o
 .text.SystemInitHook
                0x00003b18        0xa ./CMSIS/system_MKL46Z4.o
                0x00003b18                SystemInitHook
 .text.__main   0x00003b22        0xc /usr/local/mcuxpressoide-24.9.25/ide/plugins/com.nxp.mcuxpresso.tools.linux_24.9.0.202407110857/tools/bin/../lib/gcc/arm-none-eabi/13.2.1/../../../../arm-none-eabi/lib/thumb/v6-m/nofp/libcr_nohost_nf.a(_cr__main.o)
                0x00003b22                __main
 .text.__sys_appexit
                0x00003b2e        0x2 /usr/local/mcuxpressoide-24.9.25/ide/plugins/com.nxp.mcuxpresso.tools.linux_24.9.0.202407110857/tools/bin/../lib/gcc/arm-none-eabi/13.2.1/../../../../arm-none-eabi/lib/thumb/v6-m/nofp/libcr_nohost_nf.a(__sys_appexit.o)
                0x00003b2e                __exit
                0x00003b2e                __sys_appexit
 .text.memset   0x00003b30        0x8 /usr/local/mcuxpressoide-24.9.25/ide/plugins/com.nxp.mcuxpresso.tools.linux_24.9.0.202407110857/tools/bin/../lib/gcc/arm-none-eabi/13.2.1/../../../../arm-none-eabi/lib/thumb/v6-m/nofp/libcr_c.a(memset.o)
                0x00003b30                memset
 .text.free     0x00003b38       0x2c /usr/local/mcuxpressoide-24.9.25/ide/plugins/com.nxp.mcuxpresso.tools.linux_24.9.0.202407110857/tools/bin/../lib/gcc/arm-none-eabi/13.2.1/../../../../arm-none-eabi/lib/thumb/v6-m/nofp/libcr_c.a(alloc.o)
                0x00003b38                free
 .text.fputs    0x00003b64       0x2e /usr/local/mcuxpressoide-24.9.25/ide/plugins/com.nxp.mcuxpresso.tools.linux_24.9.0.202407110857/tools/bin/../lib/gcc/arm-none-eabi/13.2.1/../../../../arm-none-eabi/lib/thumb/v6-m/nofp/libcr_c.a(fputs.o)
                0x00003b64                fputs
 .text.no_fp_display
                0x00003b92        0x4 /usr/local/mcuxpressoide-24.9.25/ide/plugins/com.nxp.mcuxpresso.tools.linux_24.9.0.202407110857/tools/bin/../lib/gcc/arm-none-eabi/13.2.1/../../../../arm-none-eabi/lib/thumb/v6-m/nofp/libcr_c.a(printf.o)
 .text.abs      0x00003b96        0x8 /usr/local/mcuxpressoide-24.9.25/ide/plugins/com.nxp.mcuxpresso.tools.linux_24.9.0.202407110857/tools/bin/../lib/gcc/arm-none-eabi/13.2.1/../../../../arm-none-eabi/lib/thumb/v6-m/nofp/libcr_c.a(stdlib.o)
                0x00003b96                abs
 .text.remove   0x00003b9e       0x12 /usr/local/mcuxpressoide-24.9.25/ide/plugins/com.nxp.mcuxpresso.tools.linux_24.9.0.202407110857/tools/bin/../lib/gcc/arm-none-eabi/13.2.1/../../../../arm-none-eabi/lib/thumb/v6-m/nofp/libcr_c.a(remove.o)
                0x00003b9e                remove
 .text.__aeabi_division_idivmod
                0x00003bb0       0x78 /usr/local/mcuxpressoide-24.9.25/ide/plugins/com.nxp.mcuxpresso.tools.linux_24.9.0.202407110857/tools/bin/../lib/gcc/arm-none-eabi/13.2.1/thumb/v6-m/nofp/libcr_eabihelpers.a(division_32.o)
                0x00003bb0                __aeabi_idiv
                0x00003bb0                __aeabi_idivmod
                0x00003bb6                __aeabi_uidiv
                0x00003bb6                __aeabi_uidivmod
 .text.__aeabi_division_idiv0
                0x00003c28        0x2 /usr/local/mcuxpressoide-24.9.25/ide/plugins/com.nxp.mcuxpresso.tools.linux_24.9.0.202407110857/tools/bin/../lib/gcc/arm-none-eabi/13.2.1/thumb/v6-m/nofp/libcr_eabihelpers.a(division_idiv0.o)
                0x00003c28                __aeabi_idiv0
 .text.__aeabi_llong_lmul
                0x00003c2a       0x2e /usr/local/mcuxpressoide-24.9.25/ide/plugins/com.nxp.mcuxpresso.tools.linux_24.9.0.202407110857/tools/bin/../lib/gcc/arm-none-eabi/13.2.1/thumb/v6-m/nofp/libcr_eabihelpers.a(llong.o)
                0x00003c2a                __aeabi_lmul
 .text.__aeabi_memset_lowlevel
                0x00003c58       0x2a /usr/local/mcuxpressoide-24.9.25/ide/plugins/com.nxp.mcuxpresso.tools.linux_24.9.0.202407110857/tools/bin/../lib/gcc/arm-none-eabi/13.2.1/thumb/v6-m/nofp/libcr_eabihelpers.a(memcpy.o)
                0x00003c58                __aeabi_lowlevel_memset
 .text.__gnu_thumb1_case_uqi
                0x00003c82       0x10 /usr/local/mcuxpressoide-24.9.25/ide/plugins/com.nxp.mcuxpresso.tools.linux_24.9.0.202407110857/tools/bin/../lib/gcc/arm-none-eabi/13.2.1/thumb/v6-m/nofp/libcr_eabihelpers.a(thumb1_switch_helpers.o)
                0x00003c82                __gnu_thumb1_case_uqi
 .text.__gnu_thumb1_case_shi
                0x00003c92       0x10 /usr/local/mcuxpressoide-24.9.25/ide/plugins/com.nxp.mcuxpresso.tools.linux_24.9.0.202407110857/tools/bin/../lib/gcc/arm-none-eabi/13.2.1/thumb/v6-m/nofp/libcr_eabihelpers.a(thumb1_switch_helpers.o)
                0x00003c92                __gnu_thumb1_case_shi
 .text.__gnu_thumb1_case_uhi
                0x00003ca2       0x10 /usr/local/mcuxpressoide-24.9.25/ide/plugins/com.nxp.mcuxpresso.tools.linux_24.9.0.202407110857/tools/bin/../lib/gcc/arm-none-eabi/13.2.1/thumb/v6-m/nofp/libcr_eabihelpers.a(thumb1_switch_helpers.o)
                0x00003ca2                __gnu_thumb1_case_uhi
 .text.__sys_close
                0x00003cb2        0x6 /usr/local/mcuxpressoide-24.9.25/ide/plugins/com.nxp.mcuxpresso.tools.linux_24.9.0.202407110857/tools/bin/../lib/gcc/arm-none-eabi/13.2.1/../../../../arm-none-eabi/lib/thumb/v6-m/nofp/libcr_nohost_nf.a(__sys_close.o)
                0x00003cb2                __sys_close
 .text.__sys_flen
                0x00003cb8        0x6 /usr/local/mcuxpressoide-24.9.25/ide/plugins/com.nxp.mcuxpresso.tools.linux_24.9.0.202407110857/tools/bin/../lib/gcc/arm-none-eabi/13.2.1/../../../../arm-none-eabi/lib/thumb/v6-m/nofp/libcr_nohost_nf.a(__sys_flen.o)
                0x00003cb8                __sys_flen
 .text.__sys_istty
                0x00003cbe        0x6 /usr/local/mcuxpressoide-24.9.25/ide/plugins/com.nxp.mcuxpresso.tools.linux_24.9.0.202407110857/tools/bin/../lib/gcc/arm-none-eabi/13.2.1/../../../../arm-none-eabi/lib/thumb/v6-m/nofp/libcr_nohost_nf.a(__sys_istty.o)
                0x00003cbe                __sys_istty
 .text.__sys_remove
                0x00003cc4        0x6 /usr/local/mcuxpressoide-24.9.25/ide/plugins/com.nxp.mcuxpresso.tools.linux_24.9.0.202407110857/tools/bin/../lib/gcc/arm-none-eabi/13.2.1/../../../../arm-none-eabi/lib/thumb/v6-m/nofp/libcr_nohost_nf.a(__sys_remove.o)
                0x00003cc4                __sys_remove
 .text.__sys_seek
                0x00003cca        0x6 /usr/local/mcuxpressoide-24.9.25/ide/plugins/com.nxp.mcuxpresso.tools.linux_24.9.0.202407110857/tools/bin/../lib/gcc/arm-none-eabi/13.2.1/../../../../arm-none-eabi/lib/thumb/v6-m/nofp/libcr_nohost_nf.a(__sys_seek.o)
                0x00003cca                __sys_seek
 .text.__sys_tmpnam
                0x00003cd0        0x6 /usr/local/mcuxpressoide-24.9.25/ide/plugins/com.nxp.mcuxpresso.tools.linux_24.9.0.202407110857/tools/bin/../lib/gcc/arm-none-eabi/13.2.1/../../../../arm-none-eabi/lib/thumb/v6-m/nofp/libcr_nohost_nf.a(__sys_tmpnam.o)
                0x00003cd0                __sys_tmpnam
 .text.__sys_write
                0x00003cd6        0x4 /usr/local/mcuxpressoide-24.9.25/ide/plugins/com.nxp.mcuxpresso.tools.linux_24.9.0.202407110857/tools/bin/../lib/gcc/arm-none-eabi/13.2.1/../../../../arm-none-eabi/lib/thumb/v6-m/nofp/libcr_nohost_nf.a(__sys_write.o)
                0x00003cd6                __sys_write
 *(SORT_BY_ALIGNMENT(.rodata) SORT_BY_ALIGNMENT(.rodata.*) SORT_BY_ALIGNMENT(.constdata) SORT_BY_ALIGNMENT(.constdata.*))
 *fill*         0x00003cda        0x2 ff
 .rodata.ADC16_GetChannelConversionValue.str1.4
                0x00003cdc      0x36b ./source/i2c_interrupt.o
                                 0x80 (size before relaxing)
 .rodata.processButtonLogic.str1.4
                0x00004047        0xf ./source/i2c_interrupt.o
 .rodata.Send_ADC_Value.str1.4
                0x00004047        0x6 ./source/i2c_interrupt.o
 .rodata.ADC16_GetInstance.str1.4
                0x00004047       0x35 ./drivers/fsl_adc16.o
 .rodata.ADC16_Init.str1.4
                0x00004047       0x20 ./drivers/fsl_adc16.o
 .rodata.ADC16_GetDefaultConfig.str1.4
                0x00004047       0x21 ./drivers/fsl_adc16.o
 .rodata.ADC16_SetChannelConfig.str1.4
                0x00004047       0x51 ./drivers/fsl_adc16.o
 .rodata.ADC16_GetChannelStatusFlags.str1.4
                0x00004047       0x2f ./drivers/fsl_adc16.o
 .rodata.CLOCK_GetMcgExtClkFreq.str1.4
                0x00004047       0x1e ./drivers/fsl_clock.o
 .rodata.CLOCK_GetOsc0ErClkFreq.str1.4
                0x00004047       0x1e ./drivers/fsl_clock.o
 .rodata.CLOCK_GetEr32kClkFreq.str1.4
                0x00004047       0x1f ./drivers/fsl_clock.o
 *fill*         0x00004047        0x1 ff
 .rodata.CLOCK_GetFreq
                0x00004048       0x34 ./drivers/fsl_clock.o
 .rodata.CLOCK_GetPll0Freq.str1.4
                0x0000407c       0x1d ./drivers/fsl_clock.o
 .rodata.CLOCK_EnablePll0.str1.4
                0x0000407c       0x19 ./drivers/fsl_clock.o
 .rodata.CLOCK_SetPbeMode.str1.4
                0x0000407c       0x1a ./drivers/fsl_clock.o
 .rodata.CLOCK_BootToPeeMode.str1.4
                0x0000407c       0x1a ./drivers/fsl_clock.o
 .rodata.fllFactorTable.1
                0x0000407c       0x10 ./drivers/fsl_clock.o
 .rodata.SLCD_GetInstance.str1.4
                0x0000408c       0x33 ./drivers/fsl_slcd.o
 .rodata.SLCD_Init.str1.4
                0x0000408c       0x41 ./drivers/fsl_slcd.o
 .rodata.SLCD_GetDefaultConfig.str1.4
                0x0000408c       0x1b ./drivers/fsl_slcd.o
 .rodata        0x0000408c        0x4 ./drivers/lcd.o
 .rodata.LCD_SetNum
                0x00004090       0x28 ./drivers/lcd.o
 .rodata.mcgConfig_BOARD_BootClockRUN
                0x000040b8        0xa ./board/src/clock_config.o
                0x000040b8                mcgConfig_BOARD_BootClockRUN
 *fill*         0x000040c2        0x2 ff
 .rodata.simConfig_BOARD_BootClockRUN
                0x000040c4        0x8 ./board/src/clock_config.o
                0x000040c4                simConfig_BOARD_BootClockRUN
 .rodata.oscConfig_BOARD_BootClockRUN
                0x000040cc        0x8 ./board/src/clock_config.o
                0x000040cc                oscConfig_BOARD_BootClockRUN
 .rodata.PORT_SetPinConfig.str1.4
                0x000040d4       0x6b ./board/pin_mux.o
 .rodata.__num_Ciob_streams
                0x000040d4        0x4 /usr/local/mcuxpressoide-24.9.25/ide/plugins/com.nxp.mcuxpresso.tools.linux_24.9.0.202407110857/tools/bin/../lib/gcc/arm-none-eabi/13.2.1/../../../../arm-none-eabi/lib/thumb/v6-m/nofp/libcr_nohost_nf.a(__ciob.o)
                0x000040d4                __num_Ciob_streams
 .rodata.__assertion_failed.str1.1
                0x000040d8       0x66 /usr/local/mcuxpressoide-24.9.25/ide/plugins/com.nxp.mcuxpresso.tools.linux_24.9.0.202407110857/tools/bin/../lib/gcc/arm-none-eabi/13.2.1/../../../../arm-none-eabi/lib/thumb/v6-m/nofp/libcr_nohost_nf.a(_cr_assert.o)
                                 0x15 (size before relaxing)
 .rodata._Csys_alloc.str1.1
                0x0000413e       0x18 /usr/local/mcuxpressoide-24.9.25/ide/plugins/com.nxp.mcuxpresso.tools.linux_24.9.0.202407110857/tools/bin/../lib/gcc/arm-none-eabi/13.2.1/../../../../arm-none-eabi/lib/thumb/v6-m/nofp/libcr_c.a(alloc.o)
 .rodata._initio.str1.1
                0x0000413e        0x4 /usr/local/mcuxpressoide-24.9.25/ide/plugins/com.nxp.mcuxpresso.tools.linux_24.9.0.202407110857/tools/bin/../lib/gcc/arm-none-eabi/13.2.1/../../../../arm-none-eabi/lib/thumb/v6-m/nofp/libcr_c.a(initio.o)
 .rodata.__vfprintf.str1.1
                0x0000413e       0x38 /usr/local/mcuxpressoide-24.9.25/ide/plugins/com.nxp.mcuxpresso.tools.linux_24.9.0.202407110857/tools/bin/../lib/gcc/arm-none-eabi/13.2.1/../../../../arm-none-eabi/lib/thumb/v6-m/nofp/libcr_c.a(printf.o)
                0x00004178                        . = ALIGN (0x4)
 *fill*         0x0000413e        0x2 ff

.glue_7         0x00004140        0x0
 .glue_7        0x00004140        0x0 linker stubs

.glue_7t        0x00004140        0x0
 .glue_7t       0x00004140        0x0 linker stubs

.vfp11_veneer   0x00004140        0x0
 .vfp11_veneer  0x00004140        0x0 linker stubs

.v4_bx          0x00004140        0x0
 .v4_bx         0x00004140        0x0 linker stubs

.iplt           0x00004140        0x0
 .iplt          0x00004140        0x0 ./startup/startup_mkl46z4.o

.rel.dyn        0x00004140        0x0
 .rel.iplt      0x00004140        0x0 ./startup/startup_mkl46z4.o

.ARM.extab
 *(SORT_BY_ALIGNMENT(.ARM.extab*) SORT_BY_ALIGNMENT(.gnu.linkonce.armextab.*))

.ARM.exidx      0x00004140        0x0
                0x00004140                        __exidx_start = .
 *(SORT_BY_ALIGNMENT(.ARM.exidx*) SORT_BY_ALIGNMENT(.gnu.linkonce.armexidx.*))
                0x00004140                        __exidx_end = .
                0x00004140                        _etext = .

.m_usb_data
 *(SORT_BY_ALIGNMENT(m_usb_bdt))

.mtb_buffer_default
                0x1fffe000       0x80
 *(SORT_BY_ALIGNMENT(.mtb*))
 .mtb.$RAM1     0x1fffe000       0x80 ./source/mtb.o
                0x1fffe000                __mtb_buffer__

.uninit_RESERVED
                0x1fffe080        0x0
                0x1fffe080                        _start_uninit_RESERVED = .
 *(SORT_BY_ALIGNMENT(.bss.$RESERVED*))
                0x1fffe080                        . = ALIGN (0x4)
                0x1fffe080                        _end_uninit_RESERVED = .

.data           0x1fffe080        0xc load address 0x00004140
 FILL mask 0xff
                0x1fffe080                        _data = .
                [!provide]                        PROVIDE (__start_data_RAM = .)
                [!provide]                        PROVIDE (__start_data_SRAM = .)
 *(SORT_BY_ALIGNMENT(vtable))
 *(SORT_BY_ALIGNMENT(.ramfunc*))
 *(SORT_BY_ALIGNMENT(CodeQuickAccess))
 *(SORT_BY_ALIGNMENT(DataQuickAccess))
 *(SORT_BY_ALIGNMENT(RamFunction))
 *(SORT_BY_ALIGNMENT(.data*))
 .data.s_slowIrcFreq
                0x1fffe080        0x4 ./drivers/fsl_clock.o
 .data.s_fastIrcFreq
                0x1fffe084        0x4 ./drivers/fsl_clock.o
 .data.SystemCoreClock
                0x1fffe088        0x4 ./CMSIS/system_MKL46Z4.o
                0x1fffe088                SystemCoreClock
                0x1fffe08c                        . = ALIGN (0x4)
                0x1fffe08c                        _edata = .
                [!provide]                        PROVIDE (__end_data_RAM = .)
                [!provide]                        PROVIDE (__end_data_SRAM = .)

.igot.plt       0x1fffe08c        0x0 load address 0x0000414c
 .igot.plt      0x1fffe08c        0x0 ./startup/startup_mkl46z4.o

.bss            0x1fffe08c      0x138
                0x1fffe08c                        _bss = .
                [!provide]                        PROVIDE (__start_bss_RAM = .)
                [!provide]                        PROVIDE (__start_bss_SRAM = .)
 *(SORT_BY_ALIGNMENT(.bss*))
 .bss.rx_buffer
                0x1fffe08c        0x5 ./source/i2c_interrupt.o
                0x1fffe08c                rx_buffer
 *fill*         0x1fffe091        0x3 
 .bss.sw1_hold_time
                0x1fffe094        0x4 ./source/i2c_interrupt.o
                0x1fffe094                sw1_hold_time
 .bss.sw3_hold_time
                0x1fffe098        0x4 ./source/i2c_interrupt.o
                0x1fffe098                sw3_hold_time
 .bss.minutesThreshold
                0x1fffe09c        0x4 ./source/i2c_interrupt.o
                0x1fffe09c                minutesThreshold
 .bss.secondsThreshold
                0x1fffe0a0        0x4 ./source/i2c_interrupt.o
                0x1fffe0a0                secondsThreshold
 .bss.adc16ConfigStruct
                0x1fffe0a4        0x9 ./source/i2c_interrupt.o
                0x1fffe0a4                adc16ConfigStruct
 *fill*         0x1fffe0ad        0x3 
 .bss.adc16ChannelConfigStruct
                0x1fffe0b0        0x8 ./source/i2c_interrupt.o
                0x1fffe0b0                adc16ChannelConfigStruct
 .bss.transfer  0x1fffe0b8        0x4 ./source/i2c_interrupt.o
                0x1fffe0b8                transfer
 .bss.storeCounterValue
                0x1fffe0bc        0x4 ./source/i2c_interrupt.o
                0x1fffe0bc                storeCounterValue
 .bss.g_xtal0Freq
                0x1fffe0c0        0x4 ./drivers/fsl_clock.o
                0x1fffe0c0                g_xtal0Freq
 .bss.g_xtal32Freq
                0x1fffe0c4        0x4 ./drivers/fsl_clock.o
                0x1fffe0c4                g_xtal32Freq
 .bss.s_i2cHandle
                0x1fffe0c8        0x8 ./drivers/fsl_i2c.o
 .bss.s_i2cMasterIsr
                0x1fffe0d0        0x4 ./drivers/fsl_i2c.o
 .bss.s_i2cSlaveIsr
                0x1fffe0d4        0x4 ./drivers/fsl_i2c.o
 .bss.s_lpsciHandle
                0x1fffe0d8        0x4 ./drivers/fsl_lpsci.o
 .bss.s_lpsciIsr
                0x1fffe0dc        0x4 ./drivers/fsl_lpsci.o
 .bss.s_uartHandle
                0x1fffe0e0        0xc ./drivers/fsl_uart.o
 .bss.s_uartIsr
                0x1fffe0ec        0x4 ./drivers/fsl_uart.o
 .bss.__Ciob    0x1fffe0f0       0xb4 /usr/local/mcuxpressoide-24.9.25/ide/plugins/com.nxp.mcuxpresso.tools.linux_24.9.0.202407110857/tools/bin/../lib/gcc/arm-none-eabi/13.2.1/../../../../arm-none-eabi/lib/thumb/v6-m/nofp/libcr_nohost_nf.a(__ciob.o)
                0x1fffe0f0                __Ciob
 .bss.__end_of_heap
                0x1fffe1a4        0x4 /usr/local/mcuxpressoide-24.9.25/ide/plugins/com.nxp.mcuxpresso.tools.linux_24.9.0.202407110857/tools/bin/../lib/gcc/arm-none-eabi/13.2.1/../../../../arm-none-eabi/lib/thumb/v6-m/nofp/libcr_c.a(__init_alloc.o)
                0x1fffe1a4                __end_of_heap
 .bss.__heaps   0x1fffe1a8        0x4 /usr/local/mcuxpressoide-24.9.25/ide/plugins/com.nxp.mcuxpresso.tools.linux_24.9.0.202407110857/tools/bin/../lib/gcc/arm-none-eabi/13.2.1/../../../../arm-none-eabi/lib/thumb/v6-m/nofp/libcr_c.a(__init_alloc.o)
                0x1fffe1a8                __heaps
 .bss.errno     0x1fffe1ac        0x4 /usr/local/mcuxpressoide-24.9.25/ide/plugins/com.nxp.mcuxpresso.tools.linux_24.9.0.202407110857/tools/bin/../lib/gcc/arm-none-eabi/13.2.1/../../../../arm-none-eabi/lib/thumb/v6-m/nofp/libcr_c.a(errno.o)
                0x1fffe1ac                errno
 .bss.adcValueOld
                0x1fffe1b0        0x2 ./source/i2c_interrupt.o
                0x1fffe1b0                adcValueOld
 .bss.adcValue  0x1fffe1b2        0x2 ./source/i2c_interrupt.o
                0x1fffe1b2                adcValue
 .bss.tick_counter
                0x1fffe1b4        0x2 ./source/i2c_interrupt.o
                0x1fffe1b4                tick_counter
 .bss.transfer_counter.0
                0x1fffe1b6        0x2 ./source/i2c_interrupt.o
 .bss.rx_index  0x1fffe1b8        0x1 ./source/i2c_interrupt.o
                0x1fffe1b8                rx_index
 .bss.minutes   0x1fffe1b9        0x1 ./source/i2c_interrupt.o
                0x1fffe1b9                minutes
 .bss.seconds   0x1fffe1ba        0x1 ./source/i2c_interrupt.o
                0x1fffe1ba                seconds
 .bss.sw1_pressed
                0x1fffe1bb        0x1 ./source/i2c_interrupt.o
                0x1fffe1bb                sw1_pressed
 .bss.sw3_pressed
                0x1fffe1bc        0x1 ./source/i2c_interrupt.o
                0x1fffe1bc                sw3_pressed
 .bss.sw1_pressed_state
                0x1fffe1bd        0x1 ./source/i2c_interrupt.o
                0x1fffe1bd                sw1_pressed_state
 .bss.sw3_pressed_state
                0x1fffe1be        0x1 ./source/i2c_interrupt.o
                0x1fffe1be                sw3_pressed_state
 .bss.lcdFlag   0x1fffe1bf        0x1 ./source/i2c_interrupt.o
                0x1fffe1bf                lcdFlag
 .bss.countInterrupt
                0x1fffe1c0        0x1 ./source/i2c_interrupt.o
                0x1fffe1c0                countInterrupt
 .bss.pauseFlag
                0x1fffe1c1        0x1 ./source/i2c_interrupt.o
                0x1fffe1c1                pauseFlag
 .bss.playFlag  0x1fffe1c2        0x1 ./source/i2c_interrupt.o
                0x1fffe1c2                playFlag
 *(SORT_BY_ALIGNMENT(COMMON))
                0x1fffe1c4                        . = ALIGN (0x4)
 *fill*         0x1fffe1c3        0x1 
                0x1fffe1c4                        _ebss = .
                [!provide]                        PROVIDE (__end_bss_RAM = .)
                [!provide]                        PROVIDE (__end_bss_SRAM = .)
                [!provide]                        PROVIDE (end = .)

.noinit         0x1fffe1c4        0x0
                0x1fffe1c4                        _noinit = .
                [!provide]                        PROVIDE (__start_noinit_RAM = .)
                [!provide]                        PROVIDE (__start_noinit_SRAM = .)
 *(SORT_BY_ALIGNMENT(.noinit*))
                0x1fffe1c4                        . = ALIGN (0x4)
                0x1fffe1c4                        _end_noinit = .
                [!provide]                        PROVIDE (__end_noinit_RAM = .)
                [!provide]                        PROVIDE (__end_noinit_SRAM = .)
                0x00000800                        _HeapSize = 0x800

.heap           0x1fffe1c4      0x800
                0x1fffe1c4                        _pvHeapStart = .
                0x1fffe9c4                        . = (. + _HeapSize)
 *fill*         0x1fffe1c4      0x800 
                0x1fffe9c4                        . = ALIGN (0x4)
                0x1fffe9c4                        _pvHeapLimit = .
                0x00000800                        _StackSize = 0x800

.heap2stackfill
                0x1fffe9c4      0x800
                0x1ffff1c4                        . = (. + _StackSize)
 *fill*         0x1fffe9c4      0x800 

.stack          0x20005800        0x0
                0x20005800                        _vStackBase = .
                0x20005800                        . = ALIGN (0x4)
                0x20006000                        _vStackTop = (. + _StackSize)
                0x00000000                        _image_start = LOADADDR (.text)
                0x0000414c                        _image_end = (LOADADDR (.data) + SIZEOF (.data))
                0x0000414c                        _image_size = (_image_end - _image_start)
OUTPUT(NEW_i2c_interrupt.axf elf32-littlearm)
LOAD linker stubs

.debug_info     0x00000000    0x10089
 .debug_info    0x00000000      0x68e ./startup/startup_mkl46z4.o
 .debug_info    0x0000068e     0x14a4 ./source/i2c_interrupt.o
 .debug_info    0x00001b32       0x4f ./source/mtb.o
 .debug_info    0x00001b81       0x38 ./source/semihost_hardfault.o
 .debug_info    0x00001bb9      0xcb7 ./drivers/fsl_adc16.o
 .debug_info    0x00002870     0x1aa6 ./drivers/fsl_clock.o
 .debug_info    0x00004316     0x1af5 ./drivers/fsl_i2c.o
 .debug_info    0x00005e0b     0x14e7 ./drivers/fsl_lpsci.o
 .debug_info    0x000072f2      0xff3 ./drivers/fsl_slcd.o
 .debug_info    0x000082e5     0x1488 ./drivers/fsl_uart.o
 .debug_info    0x0000976d      0xa55 ./drivers/lcd.o
 .debug_info    0x0000a1c2      0xbd7 ./board/src/clock_config.o
 .debug_info    0x0000ad99      0x6fe ./board/pin_mux.o
 .debug_info    0x0000b497      0x40a ./CMSIS/system_MKL46Z4.o
 .debug_info    0x0000b8a1       0x85 /usr/local/mcuxpressoide-24.9.25/ide/plugins/com.nxp.mcuxpresso.tools.linux_24.9.0.202407110857/tools/bin/../lib/gcc/arm-none-eabi/13.2.1/../../../../arm-none-eabi/lib/thumb/v6-m/nofp/libcr_nohost_nf.a(_cr__main.o)
 .debug_info    0x0000b926      0x247 /usr/local/mcuxpressoide-24.9.25/ide/plugins/com.nxp.mcuxpresso.tools.linux_24.9.0.202407110857/tools/bin/../lib/gcc/arm-none-eabi/13.2.1/../../../../arm-none-eabi/lib/thumb/v6-m/nofp/libcr_nohost_nf.a(_cr_assert.o)
 .debug_info    0x0000bb6d      0x18b /usr/local/mcuxpressoide-24.9.25/ide/plugins/com.nxp.mcuxpresso.tools.linux_24.9.0.202407110857/tools/bin/../lib/gcc/arm-none-eabi/13.2.1/../../../../arm-none-eabi/lib/thumb/v6-m/nofp/libcr_nohost_nf.a(__ciob.o)
 .debug_info    0x0000bcf8       0x38 /usr/local/mcuxpressoide-24.9.25/ide/plugins/com.nxp.mcuxpresso.tools.linux_24.9.0.202407110857/tools/bin/../lib/gcc/arm-none-eabi/13.2.1/../../../../arm-none-eabi/lib/thumb/v6-m/nofp/libcr_nohost_nf.a(__sys_appexit.o)
 .debug_info    0x0000bd30       0xfc /usr/local/mcuxpressoide-24.9.25/ide/plugins/com.nxp.mcuxpresso.tools.linux_24.9.0.202407110857/tools/bin/../lib/gcc/arm-none-eabi/13.2.1/../../../../arm-none-eabi/lib/thumb/v6-m/nofp/libcr_c.a(memset.o)
 .debug_info    0x0000be2c      0x364 /usr/local/mcuxpressoide-24.9.25/ide/plugins/com.nxp.mcuxpresso.tools.linux_24.9.0.202407110857/tools/bin/../lib/gcc/arm-none-eabi/13.2.1/../../../../arm-none-eabi/lib/thumb/v6-m/nofp/libcr_c.a(_deferredlazyseek.o)
 .debug_info    0x0000c190      0x1ea /usr/local/mcuxpressoide-24.9.25/ide/plugins/com.nxp.mcuxpresso.tools.linux_24.9.0.202407110857/tools/bin/../lib/gcc/arm-none-eabi/13.2.1/../../../../arm-none-eabi/lib/thumb/v6-m/nofp/libcr_c.a(_fflush.o)
 .debug_info    0x0000c37a      0x28a /usr/local/mcuxpressoide-24.9.25/ide/plugins/com.nxp.mcuxpresso.tools.linux_24.9.0.202407110857/tools/bin/../lib/gcc/arm-none-eabi/13.2.1/../../../../arm-none-eabi/lib/thumb/v6-m/nofp/libcr_c.a(_writebuf.o)
 .debug_info    0x0000c604      0x526 /usr/local/mcuxpressoide-24.9.25/ide/plugins/com.nxp.mcuxpresso.tools.linux_24.9.0.202407110857/tools/bin/../lib/gcc/arm-none-eabi/13.2.1/../../../../arm-none-eabi/lib/thumb/v6-m/nofp/libcr_c.a(alloc.o)
 .debug_info    0x0000cb2a      0x1e7 /usr/local/mcuxpressoide-24.9.25/ide/plugins/com.nxp.mcuxpresso.tools.linux_24.9.0.202407110857/tools/bin/../lib/gcc/arm-none-eabi/13.2.1/../../../../arm-none-eabi/lib/thumb/v6-m/nofp/libcr_c.a(fputs.o)
 .debug_info    0x0000cd11      0x27f /usr/local/mcuxpressoide-24.9.25/ide/plugins/com.nxp.mcuxpresso.tools.linux_24.9.0.202407110857/tools/bin/../lib/gcc/arm-none-eabi/13.2.1/../../../../arm-none-eabi/lib/thumb/v6-m/nofp/libcr_c.a(fseek.o)
 .debug_info    0x0000cf90      0x197 /usr/local/mcuxpressoide-24.9.25/ide/plugins/com.nxp.mcuxpresso.tools.linux_24.9.0.202407110857/tools/bin/../lib/gcc/arm-none-eabi/13.2.1/../../../../arm-none-eabi/lib/thumb/v6-m/nofp/libcr_c.a(ftell.o)
 .debug_info    0x0000d127      0x353 /usr/local/mcuxpressoide-24.9.25/ide/plugins/com.nxp.mcuxpresso.tools.linux_24.9.0.202407110857/tools/bin/../lib/gcc/arm-none-eabi/13.2.1/../../../../arm-none-eabi/lib/thumb/v6-m/nofp/libcr_c.a(initio.o)
 .debug_info    0x0000d47a     0x12cc /usr/local/mcuxpressoide-24.9.25/ide/plugins/com.nxp.mcuxpresso.tools.linux_24.9.0.202407110857/tools/bin/../lib/gcc/arm-none-eabi/13.2.1/../../../../arm-none-eabi/lib/thumb/v6-m/nofp/libcr_c.a(printf.o)
 .debug_info    0x0000e746      0x1fd /usr/local/mcuxpressoide-24.9.25/ide/plugins/com.nxp.mcuxpresso.tools.linux_24.9.0.202407110857/tools/bin/../lib/gcc/arm-none-eabi/13.2.1/../../../../arm-none-eabi/lib/thumb/v6-m/nofp/libcr_c.a(setvbuf.o)
 .debug_info    0x0000e943      0x4e2 /usr/local/mcuxpressoide-24.9.25/ide/plugins/com.nxp.mcuxpresso.tools.linux_24.9.0.202407110857/tools/bin/../lib/gcc/arm-none-eabi/13.2.1/../../../../arm-none-eabi/lib/thumb/v6-m/nofp/libcr_c.a(stdlib.o)
 .debug_info    0x0000ee25       0xdd /usr/local/mcuxpressoide-24.9.25/ide/plugins/com.nxp.mcuxpresso.tools.linux_24.9.0.202407110857/tools/bin/../lib/gcc/arm-none-eabi/13.2.1/../../../../arm-none-eabi/lib/thumb/v6-m/nofp/libcr_c.a(strlen.o)
 .debug_info    0x0000ef02       0xd4 /usr/local/mcuxpressoide-24.9.25/ide/plugins/com.nxp.mcuxpresso.tools.linux_24.9.0.202407110857/tools/bin/../lib/gcc/arm-none-eabi/13.2.1/../../../../arm-none-eabi/lib/thumb/v6-m/nofp/libcr_c.a(__init_alloc.o)
 .debug_info    0x0000efd6      0x107 /usr/local/mcuxpressoide-24.9.25/ide/plugins/com.nxp.mcuxpresso.tools.linux_24.9.0.202407110857/tools/bin/../lib/gcc/arm-none-eabi/13.2.1/../../../../arm-none-eabi/lib/thumb/v6-m/nofp/libcr_c.a(_cr_sbrk.o)
 .debug_info    0x0000f0dd      0x24b /usr/local/mcuxpressoide-24.9.25/ide/plugins/com.nxp.mcuxpresso.tools.linux_24.9.0.202407110857/tools/bin/../lib/gcc/arm-none-eabi/13.2.1/../../../../arm-none-eabi/lib/thumb/v6-m/nofp/libcr_c.a(_fdopen.o)
 .debug_info    0x0000f328       0x44 /usr/local/mcuxpressoide-24.9.25/ide/plugins/com.nxp.mcuxpresso.tools.linux_24.9.0.202407110857/tools/bin/../lib/gcc/arm-none-eabi/13.2.1/../../../../arm-none-eabi/lib/thumb/v6-m/nofp/libcr_c.a(errno.o)
 .debug_info    0x0000f36c      0x325 /usr/local/mcuxpressoide-24.9.25/ide/plugins/com.nxp.mcuxpresso.tools.linux_24.9.0.202407110857/tools/bin/../lib/gcc/arm-none-eabi/13.2.1/../../../../arm-none-eabi/lib/thumb/v6-m/nofp/libcr_c.a(fclose.o)
 .debug_info    0x0000f691      0x210 /usr/local/mcuxpressoide-24.9.25/ide/plugins/com.nxp.mcuxpresso.tools.linux_24.9.0.202407110857/tools/bin/../lib/gcc/arm-none-eabi/13.2.1/../../../../arm-none-eabi/lib/thumb/v6-m/nofp/libcr_c.a(fflush.o)
 .debug_info    0x0000f8a1      0x1d0 /usr/local/mcuxpressoide-24.9.25/ide/plugins/com.nxp.mcuxpresso.tools.linux_24.9.0.202407110857/tools/bin/../lib/gcc/arm-none-eabi/13.2.1/../../../../arm-none-eabi/lib/thumb/v6-m/nofp/libcr_c.a(remove.o)
 .debug_info    0x0000fa71       0x71 /usr/local/mcuxpressoide-24.9.25/ide/plugins/com.nxp.mcuxpresso.tools.linux_24.9.0.202407110857/tools/bin/../lib/gcc/arm-none-eabi/13.2.1/../../../../arm-none-eabi/lib/thumb/v6-m/nofp/libcr_c.a(_cr_check_heap.o)
 .debug_info    0x0000fae2      0x241 /usr/local/mcuxpressoide-24.9.25/ide/plugins/com.nxp.mcuxpresso.tools.linux_24.9.0.202407110857/tools/bin/../lib/gcc/arm-none-eabi/13.2.1/../../../../arm-none-eabi/lib/thumb/v6-m/nofp/libcr_c.a(_do_fflush.o)
 .debug_info    0x0000fd23       0x6a /usr/local/mcuxpressoide-24.9.25/ide/plugins/com.nxp.mcuxpresso.tools.linux_24.9.0.202407110857/tools/bin/../lib/gcc/arm-none-eabi/13.2.1/../../../../arm-none-eabi/lib/thumb/v6-m/nofp/libcr_nohost_nf.a(__sys_close.o)
 .debug_info    0x0000fd8d       0x6a /usr/local/mcuxpressoide-24.9.25/ide/plugins/com.nxp.mcuxpresso.tools.linux_24.9.0.202407110857/tools/bin/../lib/gcc/arm-none-eabi/13.2.1/../../../../arm-none-eabi/lib/thumb/v6-m/nofp/libcr_nohost_nf.a(__sys_flen.o)
 .debug_info    0x0000fdf7       0x6a /usr/local/mcuxpressoide-24.9.25/ide/plugins/com.nxp.mcuxpresso.tools.linux_24.9.0.202407110857/tools/bin/../lib/gcc/arm-none-eabi/13.2.1/../../../../arm-none-eabi/lib/thumb/v6-m/nofp/libcr_nohost_nf.a(__sys_istty.o)
 .debug_info    0x0000fe61       0x8a /usr/local/mcuxpressoide-24.9.25/ide/plugins/com.nxp.mcuxpresso.tools.linux_24.9.0.202407110857/tools/bin/../lib/gcc/arm-none-eabi/13.2.1/../../../../arm-none-eabi/lib/thumb/v6-m/nofp/libcr_nohost_nf.a(__sys_remove.o)
 .debug_info    0x0000feeb       0x78 /usr/local/mcuxpressoide-24.9.25/ide/plugins/com.nxp.mcuxpresso.tools.linux_24.9.0.202407110857/tools/bin/../lib/gcc/arm-none-eabi/13.2.1/../../../../arm-none-eabi/lib/thumb/v6-m/nofp/libcr_nohost_nf.a(__sys_seek.o)
 .debug_info    0x0000ff63       0x93 /usr/local/mcuxpressoide-24.9.25/ide/plugins/com.nxp.mcuxpresso.tools.linux_24.9.0.202407110857/tools/bin/../lib/gcc/arm-none-eabi/13.2.1/../../../../arm-none-eabi/lib/thumb/v6-m/nofp/libcr_nohost_nf.a(__sys_tmpnam.o)
 .debug_info    0x0000fff6       0x93 /usr/local/mcuxpressoide-24.9.25/ide/plugins/com.nxp.mcuxpresso.tools.linux_24.9.0.202407110857/tools/bin/../lib/gcc/arm-none-eabi/13.2.1/../../../../arm-none-eabi/lib/thumb/v6-m/nofp/libcr_nohost_nf.a(__sys_write.o)

.debug_abbrev   0x00000000     0x3f42
 .debug_abbrev  0x00000000      0x177 ./startup/startup_mkl46z4.o
 .debug_abbrev  0x00000177      0x39c ./source/i2c_interrupt.o
 .debug_abbrev  0x00000513       0x43 ./source/mtb.o
 .debug_abbrev  0x00000556       0x2e ./source/semihost_hardfault.o
 .debug_abbrev  0x00000584      0x28c ./drivers/fsl_adc16.o
 .debug_abbrev  0x00000810      0x367 ./drivers/fsl_clock.o
 .debug_abbrev  0x00000b77      0x3a2 ./drivers/fsl_i2c.o
 .debug_abbrev  0x00000f19      0x31f ./drivers/fsl_lpsci.o
 .debug_abbrev  0x00001238      0x2a8 ./drivers/fsl_slcd.o
 .debug_abbrev  0x000014e0      0x31f ./drivers/fsl_uart.o
 .debug_abbrev  0x000017ff      0x1f7 ./drivers/lcd.o
 .debug_abbrev  0x000019f6      0x231 ./board/src/clock_config.o
 .debug_abbrev  0x00001c27      0x211 ./board/pin_mux.o
 .debug_abbrev  0x00001e38      0x145 ./CMSIS/system_MKL46Z4.o
 .debug_abbrev  0x00001f7d       0x62 /usr/local/mcuxpressoide-24.9.25/ide/plugins/com.nxp.mcuxpresso.tools.linux_24.9.0.202407110857/tools/bin/../lib/gcc/arm-none-eabi/13.2.1/../../../../arm-none-eabi/lib/thumb/v6-m/nofp/libcr_nohost_nf.a(_cr__main.o)
 .debug_abbrev  0x00001fdf      0x12c /usr/local/mcuxpressoide-24.9.25/ide/plugins/com.nxp.mcuxpresso.tools.linux_24.9.0.202407110857/tools/bin/../lib/gcc/arm-none-eabi/13.2.1/../../../../arm-none-eabi/lib/thumb/v6-m/nofp/libcr_nohost_nf.a(_cr_assert.o)
 .debug_abbrev  0x0000210b       0xb5 /usr/local/mcuxpressoide-24.9.25/ide/plugins/com.nxp.mcuxpresso.tools.linux_24.9.0.202407110857/tools/bin/../lib/gcc/arm-none-eabi/13.2.1/../../../../arm-none-eabi/lib/thumb/v6-m/nofp/libcr_nohost_nf.a(__ciob.o)
 .debug_abbrev  0x000021c0       0x2e /usr/local/mcuxpressoide-24.9.25/ide/plugins/com.nxp.mcuxpresso.tools.linux_24.9.0.202407110857/tools/bin/../lib/gcc/arm-none-eabi/13.2.1/../../../../arm-none-eabi/lib/thumb/v6-m/nofp/libcr_nohost_nf.a(__sys_appexit.o)
 .debug_abbrev  0x000021ee       0xa5 /usr/local/mcuxpressoide-24.9.25/ide/plugins/com.nxp.mcuxpresso.tools.linux_24.9.0.202407110857/tools/bin/../lib/gcc/arm-none-eabi/13.2.1/../../../../arm-none-eabi/lib/thumb/v6-m/nofp/libcr_c.a(memset.o)
 .debug_abbrev  0x00002293      0x147 /usr/local/mcuxpressoide-24.9.25/ide/plugins/com.nxp.mcuxpresso.tools.linux_24.9.0.202407110857/tools/bin/../lib/gcc/arm-none-eabi/13.2.1/../../../../arm-none-eabi/lib/thumb/v6-m/nofp/libcr_c.a(_deferredlazyseek.o)
 .debug_abbrev  0x000023da       0xf1 /usr/local/mcuxpressoide-24.9.25/ide/plugins/com.nxp.mcuxpresso.tools.linux_24.9.0.202407110857/tools/bin/../lib/gcc/arm-none-eabi/13.2.1/../../../../arm-none-eabi/lib/thumb/v6-m/nofp/libcr_c.a(_fflush.o)
 .debug_abbrev  0x000024cb      0x126 /usr/local/mcuxpressoide-24.9.25/ide/plugins/com.nxp.mcuxpresso.tools.linux_24.9.0.202407110857/tools/bin/../lib/gcc/arm-none-eabi/13.2.1/../../../../arm-none-eabi/lib/thumb/v6-m/nofp/libcr_c.a(_writebuf.o)
 .debug_abbrev  0x000025f1      0x27b /usr/local/mcuxpressoide-24.9.25/ide/plugins/com.nxp.mcuxpresso.tools.linux_24.9.0.202407110857/tools/bin/../lib/gcc/arm-none-eabi/13.2.1/../../../../arm-none-eabi/lib/thumb/v6-m/nofp/libcr_c.a(alloc.o)
 .debug_abbrev  0x0000286c      0x10c /usr/local/mcuxpressoide-24.9.25/ide/plugins/com.nxp.mcuxpresso.tools.linux_24.9.0.202407110857/tools/bin/../lib/gcc/arm-none-eabi/13.2.1/../../../../arm-none-eabi/lib/thumb/v6-m/nofp/libcr_c.a(fputs.o)
 .debug_abbrev  0x00002978      0x11b /usr/local/mcuxpressoide-24.9.25/ide/plugins/com.nxp.mcuxpresso.tools.linux_24.9.0.202407110857/tools/bin/../lib/gcc/arm-none-eabi/13.2.1/../../../../arm-none-eabi/lib/thumb/v6-m/nofp/libcr_c.a(fseek.o)
 .debug_abbrev  0x00002a93       0xc2 /usr/local/mcuxpressoide-24.9.25/ide/plugins/com.nxp.mcuxpresso.tools.linux_24.9.0.202407110857/tools/bin/../lib/gcc/arm-none-eabi/13.2.1/../../../../arm-none-eabi/lib/thumb/v6-m/nofp/libcr_c.a(ftell.o)
 .debug_abbrev  0x00002b55      0x14b /usr/local/mcuxpressoide-24.9.25/ide/plugins/com.nxp.mcuxpresso.tools.linux_24.9.0.202407110857/tools/bin/../lib/gcc/arm-none-eabi/13.2.1/../../../../arm-none-eabi/lib/thumb/v6-m/nofp/libcr_c.a(initio.o)
 .debug_abbrev  0x00002ca0      0x3af /usr/local/mcuxpressoide-24.9.25/ide/plugins/com.nxp.mcuxpresso.tools.linux_24.9.0.202407110857/tools/bin/../lib/gcc/arm-none-eabi/13.2.1/../../../../arm-none-eabi/lib/thumb/v6-m/nofp/libcr_c.a(printf.o)
 .debug_abbrev  0x0000304f       0xe1 /usr/local/mcuxpressoide-24.9.25/ide/plugins/com.nxp.mcuxpresso.tools.linux_24.9.0.202407110857/tools/bin/../lib/gcc/arm-none-eabi/13.2.1/../../../../arm-none-eabi/lib/thumb/v6-m/nofp/libcr_c.a(setvbuf.o)
 .debug_abbrev  0x00003130      0x2a6 /usr/local/mcuxpressoide-24.9.25/ide/plugins/com.nxp.mcuxpresso.tools.linux_24.9.0.202407110857/tools/bin/../lib/gcc/arm-none-eabi/13.2.1/../../../../arm-none-eabi/lib/thumb/v6-m/nofp/libcr_c.a(stdlib.o)
 .debug_abbrev  0x000033d6       0xa5 /usr/local/mcuxpressoide-24.9.25/ide/plugins/com.nxp.mcuxpresso.tools.linux_24.9.0.202407110857/tools/bin/../lib/gcc/arm-none-eabi/13.2.1/../../../../arm-none-eabi/lib/thumb/v6-m/nofp/libcr_c.a(strlen.o)
 .debug_abbrev  0x0000347b       0xaf /usr/local/mcuxpressoide-24.9.25/ide/plugins/com.nxp.mcuxpresso.tools.linux_24.9.0.202407110857/tools/bin/../lib/gcc/arm-none-eabi/13.2.1/../../../../arm-none-eabi/lib/thumb/v6-m/nofp/libcr_c.a(__init_alloc.o)
 .debug_abbrev  0x0000352a       0xd3 /usr/local/mcuxpressoide-24.9.25/ide/plugins/com.nxp.mcuxpresso.tools.linux_24.9.0.202407110857/tools/bin/../lib/gcc/arm-none-eabi/13.2.1/../../../../arm-none-eabi/lib/thumb/v6-m/nofp/libcr_c.a(_cr_sbrk.o)
 .debug_abbrev  0x000035fd      0x119 /usr/local/mcuxpressoide-24.9.25/ide/plugins/com.nxp.mcuxpresso.tools.linux_24.9.0.202407110857/tools/bin/../lib/gcc/arm-none-eabi/13.2.1/../../../../arm-none-eabi/lib/thumb/v6-m/nofp/libcr_c.a(_fdopen.o)
 .debug_abbrev  0x00003716       0x44 /usr/local/mcuxpressoide-24.9.25/ide/plugins/com.nxp.mcuxpresso.tools.linux_24.9.0.202407110857/tools/bin/../lib/gcc/arm-none-eabi/13.2.1/../../../../arm-none-eabi/lib/thumb/v6-m/nofp/libcr_c.a(errno.o)
 .debug_abbrev  0x0000375a      0x158 /usr/local/mcuxpressoide-24.9.25/ide/plugins/com.nxp.mcuxpresso.tools.linux_24.9.0.202407110857/tools/bin/../lib/gcc/arm-none-eabi/13.2.1/../../../../arm-none-eabi/lib/thumb/v6-m/nofp/libcr_c.a(fclose.o)
 .debug_abbrev  0x000038b2      0x122 /usr/local/mcuxpressoide-24.9.25/ide/plugins/com.nxp.mcuxpresso.tools.linux_24.9.0.202407110857/tools/bin/../lib/gcc/arm-none-eabi/13.2.1/../../../../arm-none-eabi/lib/thumb/v6-m/nofp/libcr_c.a(fflush.o)
 .debug_abbrev  0x000039d4       0xed /usr/local/mcuxpressoide-24.9.25/ide/plugins/com.nxp.mcuxpresso.tools.linux_24.9.0.202407110857/tools/bin/../lib/gcc/arm-none-eabi/13.2.1/../../../../arm-none-eabi/lib/thumb/v6-m/nofp/libcr_c.a(remove.o)
 .debug_abbrev  0x00003ac1       0x6b /usr/local/mcuxpressoide-24.9.25/ide/plugins/com.nxp.mcuxpresso.tools.linux_24.9.0.202407110857/tools/bin/../lib/gcc/arm-none-eabi/13.2.1/../../../../arm-none-eabi/lib/thumb/v6-m/nofp/libcr_c.a(_cr_check_heap.o)
 .debug_abbrev  0x00003b2c      0x12c /usr/local/mcuxpressoide-24.9.25/ide/plugins/com.nxp.mcuxpresso.tools.linux_24.9.0.202407110857/tools/bin/../lib/gcc/arm-none-eabi/13.2.1/../../../../arm-none-eabi/lib/thumb/v6-m/nofp/libcr_c.a(_do_fflush.o)
 .debug_abbrev  0x00003c58       0x5c /usr/local/mcuxpressoide-24.9.25/ide/plugins/com.nxp.mcuxpresso.tools.linux_24.9.0.202407110857/tools/bin/../lib/gcc/arm-none-eabi/13.2.1/../../../../arm-none-eabi/lib/thumb/v6-m/nofp/libcr_nohost_nf.a(__sys_close.o)
 .debug_abbrev  0x00003cb4       0x5c /usr/local/mcuxpressoide-24.9.25/ide/plugins/com.nxp.mcuxpresso.tools.linux_24.9.0.202407110857/tools/bin/../lib/gcc/arm-none-eabi/13.2.1/../../../../arm-none-eabi/lib/thumb/v6-m/nofp/libcr_nohost_nf.a(__sys_flen.o)
 .debug_abbrev  0x00003d10       0x5c /usr/local/mcuxpressoide-24.9.25/ide/plugins/com.nxp.mcuxpresso.tools.linux_24.9.0.202407110857/tools/bin/../lib/gcc/arm-none-eabi/13.2.1/../../../../arm-none-eabi/lib/thumb/v6-m/nofp/libcr_nohost_nf.a(__sys_istty.o)
 .debug_abbrev  0x00003d6c       0x7d /usr/local/mcuxpressoide-24.9.25/ide/plugins/com.nxp.mcuxpresso.tools.linux_24.9.0.202407110857/tools/bin/../lib/gcc/arm-none-eabi/13.2.1/../../../../arm-none-eabi/lib/thumb/v6-m/nofp/libcr_nohost_nf.a(__sys_remove.o)
 .debug_abbrev  0x00003de9       0x6d /usr/local/mcuxpressoide-24.9.25/ide/plugins/com.nxp.mcuxpresso.tools.linux_24.9.0.202407110857/tools/bin/../lib/gcc/arm-none-eabi/13.2.1/../../../../arm-none-eabi/lib/thumb/v6-m/nofp/libcr_nohost_nf.a(__sys_seek.o)
 .debug_abbrev  0x00003e56       0x76 /usr/local/mcuxpressoide-24.9.25/ide/plugins/com.nxp.mcuxpresso.tools.linux_24.9.0.202407110857/tools/bin/../lib/gcc/arm-none-eabi/13.2.1/../../../../arm-none-eabi/lib/thumb/v6-m/nofp/libcr_nohost_nf.a(__sys_tmpnam.o)
 .debug_abbrev  0x00003ecc       0x76 /usr/local/mcuxpressoide-24.9.25/ide/plugins/com.nxp.mcuxpresso.tools.linux_24.9.0.202407110857/tools/bin/../lib/gcc/arm-none-eabi/13.2.1/../../../../arm-none-eabi/lib/thumb/v6-m/nofp/libcr_nohost_nf.a(__sys_write.o)

.debug_loc      0x00000000     0x3fe2
 .debug_loc     0x00000000      0x1de ./startup/startup_mkl46z4.o
 .debug_loc     0x000001de       0x45 /usr/local/mcuxpressoide-24.9.25/ide/plugins/com.nxp.mcuxpresso.tools.linux_24.9.0.202407110857/tools/bin/../lib/gcc/arm-none-eabi/13.2.1/../../../../arm-none-eabi/lib/thumb/v6-m/nofp/libcr_nohost_nf.a(_cr_assert.o)
 .debug_loc     0x00000223       0x81 /usr/local/mcuxpressoide-24.9.25/ide/plugins/com.nxp.mcuxpresso.tools.linux_24.9.0.202407110857/tools/bin/../lib/gcc/arm-none-eabi/13.2.1/../../../../arm-none-eabi/lib/thumb/v6-m/nofp/libcr_c.a(memset.o)
 .debug_loc     0x000002a4      0x18f /usr/local/mcuxpressoide-24.9.25/ide/plugins/com.nxp.mcuxpresso.tools.linux_24.9.0.202407110857/tools/bin/../lib/gcc/arm-none-eabi/13.2.1/../../../../arm-none-eabi/lib/thumb/v6-m/nofp/libcr_c.a(_deferredlazyseek.o)
 .debug_loc     0x00000433      0x12a /usr/local/mcuxpressoide-24.9.25/ide/plugins/com.nxp.mcuxpresso.tools.linux_24.9.0.202407110857/tools/bin/../lib/gcc/arm-none-eabi/13.2.1/../../../../arm-none-eabi/lib/thumb/v6-m/nofp/libcr_c.a(_fflush.o)
 .debug_loc     0x0000055d       0xf3 /usr/local/mcuxpressoide-24.9.25/ide/plugins/com.nxp.mcuxpresso.tools.linux_24.9.0.202407110857/tools/bin/../lib/gcc/arm-none-eabi/13.2.1/../../../../arm-none-eabi/lib/thumb/v6-m/nofp/libcr_c.a(_writebuf.o)
 .debug_loc     0x00000650      0x8d7 /usr/local/mcuxpressoide-24.9.25/ide/plugins/com.nxp.mcuxpresso.tools.linux_24.9.0.202407110857/tools/bin/../lib/gcc/arm-none-eabi/13.2.1/../../../../arm-none-eabi/lib/thumb/v6-m/nofp/libcr_c.a(alloc.o)
 .debug_loc     0x00000f27       0xa7 /usr/local/mcuxpressoide-24.9.25/ide/plugins/com.nxp.mcuxpresso.tools.linux_24.9.0.202407110857/tools/bin/../lib/gcc/arm-none-eabi/13.2.1/../../../../arm-none-eabi/lib/thumb/v6-m/nofp/libcr_c.a(fputs.o)
 .debug_loc     0x00000fce      0x1c0 /usr/local/mcuxpressoide-24.9.25/ide/plugins/com.nxp.mcuxpresso.tools.linux_24.9.0.202407110857/tools/bin/../lib/gcc/arm-none-eabi/13.2.1/../../../../arm-none-eabi/lib/thumb/v6-m/nofp/libcr_c.a(fseek.o)
 .debug_loc     0x0000118e       0x93 /usr/local/mcuxpressoide-24.9.25/ide/plugins/com.nxp.mcuxpresso.tools.linux_24.9.0.202407110857/tools/bin/../lib/gcc/arm-none-eabi/13.2.1/../../../../arm-none-eabi/lib/thumb/v6-m/nofp/libcr_c.a(ftell.o)
 .debug_loc     0x00001221       0x5a /usr/local/mcuxpressoide-24.9.25/ide/plugins/com.nxp.mcuxpresso.tools.linux_24.9.0.202407110857/tools/bin/../lib/gcc/arm-none-eabi/13.2.1/../../../../arm-none-eabi/lib/thumb/v6-m/nofp/libcr_c.a(initio.o)
 .debug_loc     0x0000127b     0x226c /usr/local/mcuxpressoide-24.9.25/ide/plugins/com.nxp.mcuxpresso.tools.linux_24.9.0.202407110857/tools/bin/../lib/gcc/arm-none-eabi/13.2.1/../../../../arm-none-eabi/lib/thumb/v6-m/nofp/libcr_c.a(printf.o)
 .debug_loc     0x000034e7      0x15b /usr/local/mcuxpressoide-24.9.25/ide/plugins/com.nxp.mcuxpresso.tools.linux_24.9.0.202407110857/tools/bin/../lib/gcc/arm-none-eabi/13.2.1/../../../../arm-none-eabi/lib/thumb/v6-m/nofp/libcr_c.a(setvbuf.o)
 .debug_loc     0x00003642      0x296 /usr/local/mcuxpressoide-24.9.25/ide/plugins/com.nxp.mcuxpresso.tools.linux_24.9.0.202407110857/tools/bin/../lib/gcc/arm-none-eabi/13.2.1/../../../../arm-none-eabi/lib/thumb/v6-m/nofp/libcr_c.a(stdlib.o)
 .debug_loc     0x000038d8      0x114 /usr/local/mcuxpressoide-24.9.25/ide/plugins/com.nxp.mcuxpresso.tools.linux_24.9.0.202407110857/tools/bin/../lib/gcc/arm-none-eabi/13.2.1/../../../../arm-none-eabi/lib/thumb/v6-m/nofp/libcr_c.a(strlen.o)
 .debug_loc     0x000039ec       0x6f /usr/local/mcuxpressoide-24.9.25/ide/plugins/com.nxp.mcuxpresso.tools.linux_24.9.0.202407110857/tools/bin/../lib/gcc/arm-none-eabi/13.2.1/../../../../arm-none-eabi/lib/thumb/v6-m/nofp/libcr_c.a(_cr_sbrk.o)
 .debug_loc     0x00003a5b      0x166 /usr/local/mcuxpressoide-24.9.25/ide/plugins/com.nxp.mcuxpresso.tools.linux_24.9.0.202407110857/tools/bin/../lib/gcc/arm-none-eabi/13.2.1/../../../../arm-none-eabi/lib/thumb/v6-m/nofp/libcr_c.a(_fdopen.o)
 .debug_loc     0x00003bc1       0xb8 /usr/local/mcuxpressoide-24.9.25/ide/plugins/com.nxp.mcuxpresso.tools.linux_24.9.0.202407110857/tools/bin/../lib/gcc/arm-none-eabi/13.2.1/../../../../arm-none-eabi/lib/thumb/v6-m/nofp/libcr_c.a(fclose.o)
 .debug_loc     0x00003c79       0xa5 /usr/local/mcuxpressoide-24.9.25/ide/plugins/com.nxp.mcuxpresso.tools.linux_24.9.0.202407110857/tools/bin/../lib/gcc/arm-none-eabi/13.2.1/../../../../arm-none-eabi/lib/thumb/v6-m/nofp/libcr_c.a(fflush.o)
 .debug_loc     0x00003d1e       0xec /usr/local/mcuxpressoide-24.9.25/ide/plugins/com.nxp.mcuxpresso.tools.linux_24.9.0.202407110857/tools/bin/../lib/gcc/arm-none-eabi/13.2.1/../../../../arm-none-eabi/lib/thumb/v6-m/nofp/libcr_c.a(remove.o)
 .debug_loc     0x00003e0a       0x22 /usr/local/mcuxpressoide-24.9.25/ide/plugins/com.nxp.mcuxpresso.tools.linux_24.9.0.202407110857/tools/bin/../lib/gcc/arm-none-eabi/13.2.1/../../../../arm-none-eabi/lib/thumb/v6-m/nofp/libcr_c.a(_cr_check_heap.o)
 .debug_loc     0x00003e2c       0x89 /usr/local/mcuxpressoide-24.9.25/ide/plugins/com.nxp.mcuxpresso.tools.linux_24.9.0.202407110857/tools/bin/../lib/gcc/arm-none-eabi/13.2.1/../../../../arm-none-eabi/lib/thumb/v6-m/nofp/libcr_c.a(_do_fflush.o)
 .debug_loc     0x00003eb5       0x2b /usr/local/mcuxpressoide-24.9.25/ide/plugins/com.nxp.mcuxpresso.tools.linux_24.9.0.202407110857/tools/bin/../lib/gcc/arm-none-eabi/13.2.1/../../../../arm-none-eabi/lib/thumb/v6-m/nofp/libcr_nohost_nf.a(__sys_close.o)
 .debug_loc     0x00003ee0       0x2b /usr/local/mcuxpressoide-24.9.25/ide/plugins/com.nxp.mcuxpresso.tools.linux_24.9.0.202407110857/tools/bin/../lib/gcc/arm-none-eabi/13.2.1/../../../../arm-none-eabi/lib/thumb/v6-m/nofp/libcr_nohost_nf.a(__sys_flen.o)
 .debug_loc     0x00003f0b       0x2b /usr/local/mcuxpressoide-24.9.25/ide/plugins/com.nxp.mcuxpresso.tools.linux_24.9.0.202407110857/tools/bin/../lib/gcc/arm-none-eabi/13.2.1/../../../../arm-none-eabi/lib/thumb/v6-m/nofp/libcr_nohost_nf.a(__sys_istty.o)
 .debug_loc     0x00003f36       0x2b /usr/local/mcuxpressoide-24.9.25/ide/plugins/com.nxp.mcuxpresso.tools.linux_24.9.0.202407110857/tools/bin/../lib/gcc/arm-none-eabi/13.2.1/../../../../arm-none-eabi/lib/thumb/v6-m/nofp/libcr_nohost_nf.a(__sys_remove.o)
 .debug_loc     0x00003f61       0x2b /usr/local/mcuxpressoide-24.9.25/ide/plugins/com.nxp.mcuxpresso.tools.linux_24.9.0.202407110857/tools/bin/../lib/gcc/arm-none-eabi/13.2.1/../../../../arm-none-eabi/lib/thumb/v6-m/nofp/libcr_nohost_nf.a(__sys_seek.o)
 .debug_loc     0x00003f8c       0x2b /usr/local/mcuxpressoide-24.9.25/ide/plugins/com.nxp.mcuxpresso.tools.linux_24.9.0.202407110857/tools/bin/../lib/gcc/arm-none-eabi/13.2.1/../../../../arm-none-eabi/lib/thumb/v6-m/nofp/libcr_nohost_nf.a(__sys_tmpnam.o)
 .debug_loc     0x00003fb7       0x2b /usr/local/mcuxpressoide-24.9.25/ide/plugins/com.nxp.mcuxpresso.tools.linux_24.9.0.202407110857/tools/bin/../lib/gcc/arm-none-eabi/13.2.1/../../../../arm-none-eabi/lib/thumb/v6-m/nofp/libcr_nohost_nf.a(__sys_write.o)

.debug_aranges  0x00000000      0xf50
 .debug_aranges
                0x00000000      0x160 ./startup/startup_mkl46z4.o
 .debug_aranges
                0x00000160       0xb0 ./source/i2c_interrupt.o
 .debug_aranges
                0x00000210       0x18 ./source/mtb.o
 .debug_aranges
                0x00000228       0x20 ./source/semihost_hardfault.o
 .debug_aranges
                0x00000248       0x88 ./drivers/fsl_adc16.o
 .debug_aranges
                0x000002d0      0x1d8 ./drivers/fsl_clock.o
 .debug_aranges
                0x000004a8      0x178 ./drivers/fsl_i2c.o
 .debug_aranges
                0x00000620      0x118 ./drivers/fsl_lpsci.o
 .debug_aranges
                0x00000738       0x98 ./drivers/fsl_slcd.o
 .debug_aranges
                0x000007d0      0x130 ./drivers/fsl_uart.o
 .debug_aranges
                0x00000900       0x98 ./drivers/lcd.o
 .debug_aranges
                0x00000998       0x50 ./board/src/clock_config.o
 .debug_aranges
                0x000009e8       0x38 ./board/pin_mux.o
 .debug_aranges
                0x00000a20       0x30 ./CMSIS/system_MKL46Z4.o
 .debug_aranges
                0x00000a50       0x20 /usr/local/mcuxpressoide-24.9.25/ide/plugins/com.nxp.mcuxpresso.tools.linux_24.9.0.202407110857/tools/bin/../lib/gcc/arm-none-eabi/13.2.1/../../../../arm-none-eabi/lib/thumb/v6-m/nofp/libcr_nohost_nf.a(_cr__main.o)
 .debug_aranges
                0x00000a70       0x20 /usr/local/mcuxpressoide-24.9.25/ide/plugins/com.nxp.mcuxpresso.tools.linux_24.9.0.202407110857/tools/bin/../lib/gcc/arm-none-eabi/13.2.1/../../../../arm-none-eabi/lib/thumb/v6-m/nofp/libcr_nohost_nf.a(_cr_assert.o)
 .debug_aranges
                0x00000a90       0x18 /usr/local/mcuxpressoide-24.9.25/ide/plugins/com.nxp.mcuxpresso.tools.linux_24.9.0.202407110857/tools/bin/../lib/gcc/arm-none-eabi/13.2.1/../../../../arm-none-eabi/lib/thumb/v6-m/nofp/libcr_nohost_nf.a(__ciob.o)
 .debug_aranges
                0x00000aa8       0x20 /usr/local/mcuxpressoide-24.9.25/ide/plugins/com.nxp.mcuxpresso.tools.linux_24.9.0.202407110857/tools/bin/../lib/gcc/arm-none-eabi/13.2.1/../../../../arm-none-eabi/lib/thumb/v6-m/nofp/libcr_nohost_nf.a(__sys_appexit.o)
 .debug_aranges
                0x00000ac8       0x20 /usr/local/mcuxpressoide-24.9.25/ide/plugins/com.nxp.mcuxpresso.tools.linux_24.9.0.202407110857/tools/bin/../lib/gcc/arm-none-eabi/13.2.1/../../../../arm-none-eabi/lib/thumb/v6-m/nofp/libcr_c.a(memset.o)
 .debug_aranges
                0x00000ae8       0x28 /usr/local/mcuxpressoide-24.9.25/ide/plugins/com.nxp.mcuxpresso.tools.linux_24.9.0.202407110857/tools/bin/../lib/gcc/arm-none-eabi/13.2.1/../../../../arm-none-eabi/lib/thumb/v6-m/nofp/libcr_c.a(_deferredlazyseek.o)
 .debug_aranges
                0x00000b10       0x20 /usr/local/mcuxpressoide-24.9.25/ide/plugins/com.nxp.mcuxpresso.tools.linux_24.9.0.202407110857/tools/bin/../lib/gcc/arm-none-eabi/13.2.1/../../../../arm-none-eabi/lib/thumb/v6-m/nofp/libcr_c.a(_fflush.o)
 .debug_aranges
                0x00000b30       0x20 /usr/local/mcuxpressoide-24.9.25/ide/plugins/com.nxp.mcuxpresso.tools.linux_24.9.0.202407110857/tools/bin/../lib/gcc/arm-none-eabi/13.2.1/../../../../arm-none-eabi/lib/thumb/v6-m/nofp/libcr_c.a(_writebuf.o)
 .debug_aranges
                0x00000b50       0x40 /usr/local/mcuxpressoide-24.9.25/ide/plugins/com.nxp.mcuxpresso.tools.linux_24.9.0.202407110857/tools/bin/../lib/gcc/arm-none-eabi/13.2.1/../../../../arm-none-eabi/lib/thumb/v6-m/nofp/libcr_c.a(alloc.o)
 .debug_aranges
                0x00000b90       0x20 /usr/local/mcuxpressoide-24.9.25/ide/plugins/com.nxp.mcuxpresso.tools.linux_24.9.0.202407110857/tools/bin/../lib/gcc/arm-none-eabi/13.2.1/../../../../arm-none-eabi/lib/thumb/v6-m/nofp/libcr_c.a(fputs.o)
 .debug_aranges
                0x00000bb0       0x20 /usr/local/mcuxpressoide-24.9.25/ide/plugins/com.nxp.mcuxpresso.tools.linux_24.9.0.202407110857/tools/bin/../lib/gcc/arm-none-eabi/13.2.1/../../../../arm-none-eabi/lib/thumb/v6-m/nofp/libcr_c.a(fseek.o)
 .debug_aranges
                0x00000bd0       0x20 /usr/local/mcuxpressoide-24.9.25/ide/plugins/com.nxp.mcuxpresso.tools.linux_24.9.0.202407110857/tools/bin/../lib/gcc/arm-none-eabi/13.2.1/../../../../arm-none-eabi/lib/thumb/v6-m/nofp/libcr_c.a(ftell.o)
 .debug_aranges
                0x00000bf0       0x28 /usr/local/mcuxpressoide-24.9.25/ide/plugins/com.nxp.mcuxpresso.tools.linux_24.9.0.202407110857/tools/bin/../lib/gcc/arm-none-eabi/13.2.1/../../../../arm-none-eabi/lib/thumb/v6-m/nofp/libcr_c.a(initio.o)
 .debug_aranges
                0x00000c18       0x70 /usr/local/mcuxpressoide-24.9.25/ide/plugins/com.nxp.mcuxpresso.tools.linux_24.9.0.202407110857/tools/bin/../lib/gcc/arm-none-eabi/13.2.1/../../../../arm-none-eabi/lib/thumb/v6-m/nofp/libcr_c.a(printf.o)
 .debug_aranges
                0x00000c88       0x20 /usr/local/mcuxpressoide-24.9.25/ide/plugins/com.nxp.mcuxpresso.tools.linux_24.9.0.202407110857/tools/bin/../lib/gcc/arm-none-eabi/13.2.1/../../../../arm-none-eabi/lib/thumb/v6-m/nofp/libcr_c.a(setvbuf.o)
 .debug_aranges
                0x00000ca8       0x88 /usr/local/mcuxpressoide-24.9.25/ide/plugins/com.nxp.mcuxpresso.tools.linux_24.9.0.202407110857/tools/bin/../lib/gcc/arm-none-eabi/13.2.1/../../../../arm-none-eabi/lib/thumb/v6-m/nofp/libcr_c.a(stdlib.o)
 .debug_aranges
                0x00000d30       0x20 /usr/local/mcuxpressoide-24.9.25/ide/plugins/com.nxp.mcuxpresso.tools.linux_24.9.0.202407110857/tools/bin/../lib/gcc/arm-none-eabi/13.2.1/../../../../arm-none-eabi/lib/thumb/v6-m/nofp/libcr_c.a(strlen.o)
 .debug_aranges
                0x00000d50       0x20 /usr/local/mcuxpressoide-24.9.25/ide/plugins/com.nxp.mcuxpresso.tools.linux_24.9.0.202407110857/tools/bin/../lib/gcc/arm-none-eabi/13.2.1/../../../../arm-none-eabi/lib/thumb/v6-m/nofp/libcr_c.a(__init_alloc.o)
 .debug_aranges
                0x00000d70       0x20 /usr/local/mcuxpressoide-24.9.25/ide/plugins/com.nxp.mcuxpresso.tools.linux_24.9.0.202407110857/tools/bin/../lib/gcc/arm-none-eabi/13.2.1/../../../../arm-none-eabi/lib/thumb/v6-m/nofp/libcr_c.a(_cr_sbrk.o)
 .debug_aranges
                0x00000d90       0x20 /usr/local/mcuxpressoide-24.9.25/ide/plugins/com.nxp.mcuxpresso.tools.linux_24.9.0.202407110857/tools/bin/../lib/gcc/arm-none-eabi/13.2.1/../../../../arm-none-eabi/lib/thumb/v6-m/nofp/libcr_c.a(_fdopen.o)
 .debug_aranges
                0x00000db0       0x18 /usr/local/mcuxpressoide-24.9.25/ide/plugins/com.nxp.mcuxpresso.tools.linux_24.9.0.202407110857/tools/bin/../lib/gcc/arm-none-eabi/13.2.1/../../../../arm-none-eabi/lib/thumb/v6-m/nofp/libcr_c.a(errno.o)
 .debug_aranges
                0x00000dc8       0x20 /usr/local/mcuxpressoide-24.9.25/ide/plugins/com.nxp.mcuxpresso.tools.linux_24.9.0.202407110857/tools/bin/../lib/gcc/arm-none-eabi/13.2.1/../../../../arm-none-eabi/lib/thumb/v6-m/nofp/libcr_c.a(fclose.o)
 .debug_aranges
                0x00000de8       0x20 /usr/local/mcuxpressoide-24.9.25/ide/plugins/com.nxp.mcuxpresso.tools.linux_24.9.0.202407110857/tools/bin/../lib/gcc/arm-none-eabi/13.2.1/../../../../arm-none-eabi/lib/thumb/v6-m/nofp/libcr_c.a(fflush.o)
 .debug_aranges
                0x00000e08       0x28 /usr/local/mcuxpressoide-24.9.25/ide/plugins/com.nxp.mcuxpresso.tools.linux_24.9.0.202407110857/tools/bin/../lib/gcc/arm-none-eabi/13.2.1/../../../../arm-none-eabi/lib/thumb/v6-m/nofp/libcr_c.a(remove.o)
 .debug_aranges
                0x00000e30       0x20 /usr/local/mcuxpressoide-24.9.25/ide/plugins/com.nxp.mcuxpresso.tools.linux_24.9.0.202407110857/tools/bin/../lib/gcc/arm-none-eabi/13.2.1/../../../../arm-none-eabi/lib/thumb/v6-m/nofp/libcr_c.a(_cr_check_heap.o)
 .debug_aranges
                0x00000e50       0x20 /usr/local/mcuxpressoide-24.9.25/ide/plugins/com.nxp.mcuxpresso.tools.linux_24.9.0.202407110857/tools/bin/../lib/gcc/arm-none-eabi/13.2.1/../../../../arm-none-eabi/lib/thumb/v6-m/nofp/libcr_c.a(_do_fflush.o)
 .debug_aranges
                0x00000e70       0x20 /usr/local/mcuxpressoide-24.9.25/ide/plugins/com.nxp.mcuxpresso.tools.linux_24.9.0.202407110857/tools/bin/../lib/gcc/arm-none-eabi/13.2.1/../../../../arm-none-eabi/lib/thumb/v6-m/nofp/libcr_nohost_nf.a(__sys_close.o)
 .debug_aranges
                0x00000e90       0x20 /usr/local/mcuxpressoide-24.9.25/ide/plugins/com.nxp.mcuxpresso.tools.linux_24.9.0.202407110857/tools/bin/../lib/gcc/arm-none-eabi/13.2.1/../../../../arm-none-eabi/lib/thumb/v6-m/nofp/libcr_nohost_nf.a(__sys_flen.o)
 .debug_aranges
                0x00000eb0       0x20 /usr/local/mcuxpressoide-24.9.25/ide/plugins/com.nxp.mcuxpresso.tools.linux_24.9.0.202407110857/tools/bin/../lib/gcc/arm-none-eabi/13.2.1/../../../../arm-none-eabi/lib/thumb/v6-m/nofp/libcr_nohost_nf.a(__sys_istty.o)
 .debug_aranges
                0x00000ed0       0x20 /usr/local/mcuxpressoide-24.9.25/ide/plugins/com.nxp.mcuxpresso.tools.linux_24.9.0.202407110857/tools/bin/../lib/gcc/arm-none-eabi/13.2.1/../../../../arm-none-eabi/lib/thumb/v6-m/nofp/libcr_nohost_nf.a(__sys_remove.o)
 .debug_aranges
                0x00000ef0       0x20 /usr/local/mcuxpressoide-24.9.25/ide/plugins/com.nxp.mcuxpresso.tools.linux_24.9.0.202407110857/tools/bin/../lib/gcc/arm-none-eabi/13.2.1/../../../../arm-none-eabi/lib/thumb/v6-m/nofp/libcr_nohost_nf.a(__sys_seek.o)
 .debug_aranges
                0x00000f10       0x20 /usr/local/mcuxpressoide-24.9.25/ide/plugins/com.nxp.mcuxpresso.tools.linux_24.9.0.202407110857/tools/bin/../lib/gcc/arm-none-eabi/13.2.1/../../../../arm-none-eabi/lib/thumb/v6-m/nofp/libcr_nohost_nf.a(__sys_tmpnam.o)
 .debug_aranges
                0x00000f30       0x20 /usr/local/mcuxpressoide-24.9.25/ide/plugins/com.nxp.mcuxpresso.tools.linux_24.9.0.202407110857/tools/bin/../lib/gcc/arm-none-eabi/13.2.1/../../../../arm-none-eabi/lib/thumb/v6-m/nofp/libcr_nohost_nf.a(__sys_write.o)

.debug_ranges   0x00000000      0xf10
 .debug_ranges  0x00000000      0x150 ./startup/startup_mkl46z4.o
 .debug_ranges  0x00000150       0xb8 ./source/i2c_interrupt.o
 .debug_ranges  0x00000208       0x10 ./source/semihost_hardfault.o
 .debug_ranges  0x00000218       0x78 ./drivers/fsl_adc16.o
 .debug_ranges  0x00000290      0x1c8 ./drivers/fsl_clock.o
 .debug_ranges  0x00000458      0x168 ./drivers/fsl_i2c.o
 .debug_ranges  0x000005c0      0x108 ./drivers/fsl_lpsci.o
 .debug_ranges  0x000006c8       0x88 ./drivers/fsl_slcd.o
 .debug_ranges  0x00000750      0x120 ./drivers/fsl_uart.o
 .debug_ranges  0x00000870       0x88 ./drivers/lcd.o
 .debug_ranges  0x000008f8       0x40 ./board/src/clock_config.o
 .debug_ranges  0x00000938       0x28 ./board/pin_mux.o
 .debug_ranges  0x00000960       0x20 ./CMSIS/system_MKL46Z4.o
 .debug_ranges  0x00000980       0x10 /usr/local/mcuxpressoide-24.9.25/ide/plugins/com.nxp.mcuxpresso.tools.linux_24.9.0.202407110857/tools/bin/../lib/gcc/arm-none-eabi/13.2.1/../../../../arm-none-eabi/lib/thumb/v6-m/nofp/libcr_nohost_nf.a(_cr__main.o)
 .debug_ranges  0x00000990       0x10 /usr/local/mcuxpressoide-24.9.25/ide/plugins/com.nxp.mcuxpresso.tools.linux_24.9.0.202407110857/tools/bin/../lib/gcc/arm-none-eabi/13.2.1/../../../../arm-none-eabi/lib/thumb/v6-m/nofp/libcr_nohost_nf.a(_cr_assert.o)
 .debug_ranges  0x000009a0       0x10 /usr/local/mcuxpressoide-24.9.25/ide/plugins/com.nxp.mcuxpresso.tools.linux_24.9.0.202407110857/tools/bin/../lib/gcc/arm-none-eabi/13.2.1/../../../../arm-none-eabi/lib/thumb/v6-m/nofp/libcr_nohost_nf.a(__sys_appexit.o)
 .debug_ranges  0x000009b0       0x10 /usr/local/mcuxpressoide-24.9.25/ide/plugins/com.nxp.mcuxpresso.tools.linux_24.9.0.202407110857/tools/bin/../lib/gcc/arm-none-eabi/13.2.1/../../../../arm-none-eabi/lib/thumb/v6-m/nofp/libcr_c.a(memset.o)
 .debug_ranges  0x000009c0       0x48 /usr/local/mcuxpressoide-24.9.25/ide/plugins/com.nxp.mcuxpresso.tools.linux_24.9.0.202407110857/tools/bin/../lib/gcc/arm-none-eabi/13.2.1/../../../../arm-none-eabi/lib/thumb/v6-m/nofp/libcr_c.a(_deferredlazyseek.o)
 .debug_ranges  0x00000a08       0x10 /usr/local/mcuxpressoide-24.9.25/ide/plugins/com.nxp.mcuxpresso.tools.linux_24.9.0.202407110857/tools/bin/../lib/gcc/arm-none-eabi/13.2.1/../../../../arm-none-eabi/lib/thumb/v6-m/nofp/libcr_c.a(_fflush.o)
 .debug_ranges  0x00000a18       0x10 /usr/local/mcuxpressoide-24.9.25/ide/plugins/com.nxp.mcuxpresso.tools.linux_24.9.0.202407110857/tools/bin/../lib/gcc/arm-none-eabi/13.2.1/../../../../arm-none-eabi/lib/thumb/v6-m/nofp/libcr_c.a(_writebuf.o)
 .debug_ranges  0x00000a28       0x50 /usr/local/mcuxpressoide-24.9.25/ide/plugins/com.nxp.mcuxpresso.tools.linux_24.9.0.202407110857/tools/bin/../lib/gcc/arm-none-eabi/13.2.1/../../../../arm-none-eabi/lib/thumb/v6-m/nofp/libcr_c.a(alloc.o)
 .debug_ranges  0x00000a78       0x10 /usr/local/mcuxpressoide-24.9.25/ide/plugins/com.nxp.mcuxpresso.tools.linux_24.9.0.202407110857/tools/bin/../lib/gcc/arm-none-eabi/13.2.1/../../../../arm-none-eabi/lib/thumb/v6-m/nofp/libcr_c.a(fputs.o)
 .debug_ranges  0x00000a88       0x10 /usr/local/mcuxpressoide-24.9.25/ide/plugins/com.nxp.mcuxpresso.tools.linux_24.9.0.202407110857/tools/bin/../lib/gcc/arm-none-eabi/13.2.1/../../../../arm-none-eabi/lib/thumb/v6-m/nofp/libcr_c.a(fseek.o)
 .debug_ranges  0x00000a98       0x10 /usr/local/mcuxpressoide-24.9.25/ide/plugins/com.nxp.mcuxpresso.tools.linux_24.9.0.202407110857/tools/bin/../lib/gcc/arm-none-eabi/13.2.1/../../../../arm-none-eabi/lib/thumb/v6-m/nofp/libcr_c.a(ftell.o)
 .debug_ranges  0x00000aa8       0x38 /usr/local/mcuxpressoide-24.9.25/ide/plugins/com.nxp.mcuxpresso.tools.linux_24.9.0.202407110857/tools/bin/../lib/gcc/arm-none-eabi/13.2.1/../../../../arm-none-eabi/lib/thumb/v6-m/nofp/libcr_c.a(initio.o)
 .debug_ranges  0x00000ae0      0x258 /usr/local/mcuxpressoide-24.9.25/ide/plugins/com.nxp.mcuxpresso.tools.linux_24.9.0.202407110857/tools/bin/../lib/gcc/arm-none-eabi/13.2.1/../../../../arm-none-eabi/lib/thumb/v6-m/nofp/libcr_c.a(printf.o)
 .debug_ranges  0x00000d38       0x10 /usr/local/mcuxpressoide-24.9.25/ide/plugins/com.nxp.mcuxpresso.tools.linux_24.9.0.202407110857/tools/bin/../lib/gcc/arm-none-eabi/13.2.1/../../../../arm-none-eabi/lib/thumb/v6-m/nofp/libcr_c.a(setvbuf.o)
 .debug_ranges  0x00000d48       0x78 /usr/local/mcuxpressoide-24.9.25/ide/plugins/com.nxp.mcuxpresso.tools.linux_24.9.0.202407110857/tools/bin/../lib/gcc/arm-none-eabi/13.2.1/../../../../arm-none-eabi/lib/thumb/v6-m/nofp/libcr_c.a(stdlib.o)
 .debug_ranges  0x00000dc0       0x28 /usr/local/mcuxpressoide-24.9.25/ide/plugins/com.nxp.mcuxpresso.tools.linux_24.9.0.202407110857/tools/bin/../lib/gcc/arm-none-eabi/13.2.1/../../../../arm-none-eabi/lib/thumb/v6-m/nofp/libcr_c.a(strlen.o)
 .debug_ranges  0x00000de8       0x10 /usr/local/mcuxpressoide-24.9.25/ide/plugins/com.nxp.mcuxpresso.tools.linux_24.9.0.202407110857/tools/bin/../lib/gcc/arm-none-eabi/13.2.1/../../../../arm-none-eabi/lib/thumb/v6-m/nofp/libcr_c.a(__init_alloc.o)
 .debug_ranges  0x00000df8       0x10 /usr/local/mcuxpressoide-24.9.25/ide/plugins/com.nxp.mcuxpresso.tools.linux_24.9.0.202407110857/tools/bin/../lib/gcc/arm-none-eabi/13.2.1/../../../../arm-none-eabi/lib/thumb/v6-m/nofp/libcr_c.a(_cr_sbrk.o)
 .debug_ranges  0x00000e08       0x10 /usr/local/mcuxpressoide-24.9.25/ide/plugins/com.nxp.mcuxpresso.tools.linux_24.9.0.202407110857/tools/bin/../lib/gcc/arm-none-eabi/13.2.1/../../../../arm-none-eabi/lib/thumb/v6-m/nofp/libcr_c.a(_fdopen.o)
 .debug_ranges  0x00000e18       0x10 /usr/local/mcuxpressoide-24.9.25/ide/plugins/com.nxp.mcuxpresso.tools.linux_24.9.0.202407110857/tools/bin/../lib/gcc/arm-none-eabi/13.2.1/../../../../arm-none-eabi/lib/thumb/v6-m/nofp/libcr_c.a(fclose.o)
 .debug_ranges  0x00000e28       0x28 /usr/local/mcuxpressoide-24.9.25/ide/plugins/com.nxp.mcuxpresso.tools.linux_24.9.0.202407110857/tools/bin/../lib/gcc/arm-none-eabi/13.2.1/../../../../arm-none-eabi/lib/thumb/v6-m/nofp/libcr_c.a(fflush.o)
 .debug_ranges  0x00000e50       0x18 /usr/local/mcuxpressoide-24.9.25/ide/plugins/com.nxp.mcuxpresso.tools.linux_24.9.0.202407110857/tools/bin/../lib/gcc/arm-none-eabi/13.2.1/../../../../arm-none-eabi/lib/thumb/v6-m/nofp/libcr_c.a(remove.o)
 .debug_ranges  0x00000e68       0x10 /usr/local/mcuxpressoide-24.9.25/ide/plugins/com.nxp.mcuxpresso.tools.linux_24.9.0.202407110857/tools/bin/../lib/gcc/arm-none-eabi/13.2.1/../../../../arm-none-eabi/lib/thumb/v6-m/nofp/libcr_c.a(_cr_check_heap.o)
 .debug_ranges  0x00000e78       0x28 /usr/local/mcuxpressoide-24.9.25/ide/plugins/com.nxp.mcuxpresso.tools.linux_24.9.0.202407110857/tools/bin/../lib/gcc/arm-none-eabi/13.2.1/../../../../arm-none-eabi/lib/thumb/v6-m/nofp/libcr_c.a(_do_fflush.o)
 .debug_ranges  0x00000ea0       0x10 /usr/local/mcuxpressoide-24.9.25/ide/plugins/com.nxp.mcuxpresso.tools.linux_24.9.0.202407110857/tools/bin/../lib/gcc/arm-none-eabi/13.2.1/../../../../arm-none-eabi/lib/thumb/v6-m/nofp/libcr_nohost_nf.a(__sys_close.o)
 .debug_ranges  0x00000eb0       0x10 /usr/local/mcuxpressoide-24.9.25/ide/plugins/com.nxp.mcuxpresso.tools.linux_24.9.0.202407110857/tools/bin/../lib/gcc/arm-none-eabi/13.2.1/../../../../arm-none-eabi/lib/thumb/v6-m/nofp/libcr_nohost_nf.a(__sys_flen.o)
 .debug_ranges  0x00000ec0       0x10 /usr/local/mcuxpressoide-24.9.25/ide/plugins/com.nxp.mcuxpresso.tools.linux_24.9.0.202407110857/tools/bin/../lib/gcc/arm-none-eabi/13.2.1/../../../../arm-none-eabi/lib/thumb/v6-m/nofp/libcr_nohost_nf.a(__sys_istty.o)
 .debug_ranges  0x00000ed0       0x10 /usr/local/mcuxpressoide-24.9.25/ide/plugins/com.nxp.mcuxpresso.tools.linux_24.9.0.202407110857/tools/bin/../lib/gcc/arm-none-eabi/13.2.1/../../../../arm-none-eabi/lib/thumb/v6-m/nofp/libcr_nohost_nf.a(__sys_remove.o)
 .debug_ranges  0x00000ee0       0x10 /usr/local/mcuxpressoide-24.9.25/ide/plugins/com.nxp.mcuxpresso.tools.linux_24.9.0.202407110857/tools/bin/../lib/gcc/arm-none-eabi/13.2.1/../../../../arm-none-eabi/lib/thumb/v6-m/nofp/libcr_nohost_nf.a(__sys_seek.o)
 .debug_ranges  0x00000ef0       0x10 /usr/local/mcuxpressoide-24.9.25/ide/plugins/com.nxp.mcuxpresso.tools.linux_24.9.0.202407110857/tools/bin/../lib/gcc/arm-none-eabi/13.2.1/../../../../arm-none-eabi/lib/thumb/v6-m/nofp/libcr_nohost_nf.a(__sys_tmpnam.o)
 .debug_ranges  0x00000f00       0x10 /usr/local/mcuxpressoide-24.9.25/ide/plugins/com.nxp.mcuxpresso.tools.linux_24.9.0.202407110857/tools/bin/../lib/gcc/arm-none-eabi/13.2.1/../../../../arm-none-eabi/lib/thumb/v6-m/nofp/libcr_nohost_nf.a(__sys_write.o)

.debug_line     0x00000000     0x94af
 .debug_line    0x00000000      0x2a8 ./startup/startup_mkl46z4.o
 .debug_line    0x000002a8      0x8ed ./source/i2c_interrupt.o
 .debug_line    0x00000b95       0x30 ./source/mtb.o
 .debug_line    0x00000bc5       0x59 ./source/semihost_hardfault.o
 .debug_line    0x00000c1e      0x53c ./drivers/fsl_adc16.o
 .debug_line    0x0000115a     0x1211 ./drivers/fsl_clock.o
 .debug_line    0x0000236b     0x1344 ./drivers/fsl_i2c.o
 .debug_line    0x000036af      0xd18 ./drivers/fsl_lpsci.o
 .debug_line    0x000043c7      0x4f0 ./drivers/fsl_slcd.o
 .debug_line    0x000048b7      0xd15 ./drivers/fsl_uart.o
 .debug_line    0x000055cc      0x4a8 ./drivers/lcd.o
 .debug_line    0x00005a74      0x2bb ./board/src/clock_config.o
 .debug_line    0x00005d2f      0x260 ./board/pin_mux.o
 .debug_line    0x00005f8f      0x228 ./CMSIS/system_MKL46Z4.o
 .debug_line    0x000061b7       0xce /usr/local/mcuxpressoide-24.9.25/ide/plugins/com.nxp.mcuxpresso.tools.linux_24.9.0.202407110857/tools/bin/../lib/gcc/arm-none-eabi/13.2.1/../../../../arm-none-eabi/lib/thumb/v6-m/nofp/libcr_nohost_nf.a(_cr__main.o)
 .debug_line    0x00006285      0x12c /usr/local/mcuxpressoide-24.9.25/ide/plugins/com.nxp.mcuxpresso.tools.linux_24.9.0.202407110857/tools/bin/../lib/gcc/arm-none-eabi/13.2.1/../../../../arm-none-eabi/lib/thumb/v6-m/nofp/libcr_nohost_nf.a(_cr_assert.o)
 .debug_line    0x000063b1       0xf4 /usr/local/mcuxpressoide-24.9.25/ide/plugins/com.nxp.mcuxpresso.tools.linux_24.9.0.202407110857/tools/bin/../lib/gcc/arm-none-eabi/13.2.1/../../../../arm-none-eabi/lib/thumb/v6-m/nofp/libcr_nohost_nf.a(__ciob.o)
 .debug_line    0x000064a5       0x4e /usr/local/mcuxpressoide-24.9.25/ide/plugins/com.nxp.mcuxpresso.tools.linux_24.9.0.202407110857/tools/bin/../lib/gcc/arm-none-eabi/13.2.1/../../../../arm-none-eabi/lib/thumb/v6-m/nofp/libcr_nohost_nf.a(__sys_appexit.o)
 .debug_line    0x000064f3       0x82 /usr/local/mcuxpressoide-24.9.25/ide/plugins/com.nxp.mcuxpresso.tools.linux_24.9.0.202407110857/tools/bin/../lib/gcc/arm-none-eabi/13.2.1/../../../../arm-none-eabi/lib/thumb/v6-m/nofp/libcr_c.a(memset.o)
 .debug_line    0x00006575      0x2fc /usr/local/mcuxpressoide-24.9.25/ide/plugins/com.nxp.mcuxpresso.tools.linux_24.9.0.202407110857/tools/bin/../lib/gcc/arm-none-eabi/13.2.1/../../../../arm-none-eabi/lib/thumb/v6-m/nofp/libcr_c.a(_deferredlazyseek.o)
 .debug_line    0x00006871      0x127 /usr/local/mcuxpressoide-24.9.25/ide/plugins/com.nxp.mcuxpresso.tools.linux_24.9.0.202407110857/tools/bin/../lib/gcc/arm-none-eabi/13.2.1/../../../../arm-none-eabi/lib/thumb/v6-m/nofp/libcr_c.a(_fflush.o)
 .debug_line    0x00006998      0x13e /usr/local/mcuxpressoide-24.9.25/ide/plugins/com.nxp.mcuxpresso.tools.linux_24.9.0.202407110857/tools/bin/../lib/gcc/arm-none-eabi/13.2.1/../../../../arm-none-eabi/lib/thumb/v6-m/nofp/libcr_c.a(_writebuf.o)
 .debug_line    0x00006ad6      0x3b9 /usr/local/mcuxpressoide-24.9.25/ide/plugins/com.nxp.mcuxpresso.tools.linux_24.9.0.202407110857/tools/bin/../lib/gcc/arm-none-eabi/13.2.1/../../../../arm-none-eabi/lib/thumb/v6-m/nofp/libcr_c.a(alloc.o)
 .debug_line    0x00006e8f       0xcb /usr/local/mcuxpressoide-24.9.25/ide/plugins/com.nxp.mcuxpresso.tools.linux_24.9.0.202407110857/tools/bin/../lib/gcc/arm-none-eabi/13.2.1/../../../../arm-none-eabi/lib/thumb/v6-m/nofp/libcr_c.a(fputs.o)
 .debug_line    0x00006f5a      0x23b /usr/local/mcuxpressoide-24.9.25/ide/plugins/com.nxp.mcuxpresso.tools.linux_24.9.0.202407110857/tools/bin/../lib/gcc/arm-none-eabi/13.2.1/../../../../arm-none-eabi/lib/thumb/v6-m/nofp/libcr_c.a(fseek.o)
 .debug_line    0x00007195      0x110 /usr/local/mcuxpressoide-24.9.25/ide/plugins/com.nxp.mcuxpresso.tools.linux_24.9.0.202407110857/tools/bin/../lib/gcc/arm-none-eabi/13.2.1/../../../../arm-none-eabi/lib/thumb/v6-m/nofp/libcr_c.a(ftell.o)
 .debug_line    0x000072a5      0x146 /usr/local/mcuxpressoide-24.9.25/ide/plugins/com.nxp.mcuxpresso.tools.linux_24.9.0.202407110857/tools/bin/../lib/gcc/arm-none-eabi/13.2.1/../../../../arm-none-eabi/lib/thumb/v6-m/nofp/libcr_c.a(initio.o)
 .debug_line    0x000073eb     0x11ca /usr/local/mcuxpressoide-24.9.25/ide/plugins/com.nxp.mcuxpresso.tools.linux_24.9.0.202407110857/tools/bin/../lib/gcc/arm-none-eabi/13.2.1/../../../../arm-none-eabi/lib/thumb/v6-m/nofp/libcr_c.a(printf.o)
 .debug_line    0x000085b5       0xf7 /usr/local/mcuxpressoide-24.9.25/ide/plugins/com.nxp.mcuxpresso.tools.linux_24.9.0.202407110857/tools/bin/../lib/gcc/arm-none-eabi/13.2.1/../../../../arm-none-eabi/lib/thumb/v6-m/nofp/libcr_c.a(setvbuf.o)