C:\Users\ADMIN\Documents\MCUXpressoIDE_24.9.25\workspace\NEWEX_hello_world\CMSIS/core_cm0plus.h:733:22:__NVIC_EnableIRQ	16	static
C:\Users\ADMIN\Documents\MCUXpressoIDE_24.9.25\workspace\NEWEX_hello_world\drivers/fsl_clock.h:601:20:CLOCK_EnableClock	24	static
C:\Users\ADMIN\Documents\MCUXpressoIDE_24.9.25\workspace\NEWEX_hello_world\drivers/fsl_uart.h:564:20:UART_WriteByte	16	static
C:\Users\ADMIN\Documents\MCUXpressoIDE_24.9.25\workspace\NEWEX_hello_world\drivers/fsl_uart.h:578:23:UART_ReadByte	16	static
C:\Users\ADMIN\Documents\MCUXpressoIDE_24.9.25\workspace\NEWEX_hello_world\drivers/fsl_slcd.h:376:20:SLCD_StartDisplay	16	static
C:\Users\ADMIN\Documents\MCUXpressoIDE_24.9.25\workspace\NEWEX_hello_world\drivers/fsl_slcd.h:448:20:SLCD_SetFrontPlaneSegments	24	static
../source/hello_world.c:49:5:main	88	static
../source/hello_world.c:94:6:GPIO_Init	8	static
../source/hello_world.c:110:6:Enable_Interrupts	8	static
../source/hello_world.c:119:6:PORTC_PORTD_IRQHandler	8	static
../source/hello_world.c:142:6:UART_Init_new	24	static
../source/hello_world.c:169:6:UART_SendString	16	static
../source/hello_world.c:199:10:UART_ReceiveString	24	static
../source/hello_world.c:219:6:UART0_IRQHandler	24	static
../source/hello_world.c:254:6:SLCD_Init_new	40	static
../source/hello_world.c:279:6:SLCD_ClearDisplay	16	static
../source/hello_world.c:291:6:LCD_DisplayString	48	static
