/home/ngotantrung/Documents/MCUXpresso_24.9.25/workspace/NEW_i2c_interrupt/CMSIS/core_cm0plus.h:733:22:__NVIC_EnableIRQ	16	static
/home/ngotantrung/Documents/MCUXpresso_24.9.25/workspace/NEW_i2c_interrupt/drivers/fsl_port.h:371:20:PORT_SetPinMux	24	static
/home/ngotantrung/Documents/MCUXpresso_24.9.25/workspace/NEW_i2c_interrupt/drivers/fsl_adc16.h:386:20:ADC16_EnableHardwareTrigger	16	static
/home/ngotantrung/Documents/MCUXpresso_24.9.25/workspace/NEW_i2c_interrupt/drivers/fsl_adc16.h:504:24:ADC16_GetChannelConversionValue	16	static
../source/i2c_interrupt.c:66:5:main	8	static
../source/i2c_interrupt.c:86:6:UART0_IRQHandler	16	static
../source/i2c_interrupt.c:131:6:PORTC_PORTD_IRQHandler	16	static
../source/i2c_interrupt.c:162:6:GPIO_Init	8	static
../source/i2c_interrupt.c:172:6:Enable_Interrupts	8	static
../source/i2c_interrupt.c:178:6:init_UART0_with_interrupt	16	static
../source/i2c_interrupt.c:196:6:UART_SendByte	16	static
../source/i2c_interrupt.c:201:6:UART_SendString	16	static
../source/i2c_interrupt.c:209:6:PIT_Init_NEW	16	static
../source/i2c_interrupt.c:227:6:PIT_IRQHandler	8	static
../source/i2c_interrupt.c:265:6:processButtonLogic	8	static
../source/i2c_interrupt.c:307:6:Send_ADC_Value	40	static
../source/i2c_interrupt.c:317:6:handleADC	8	static
../source/i2c_interrupt.c:337:6:initADC	8	static
../source/i2c_interrupt.c:352:6:PIT_Reload	16	static
